Archive member included to satisfy reference by file (symbol)

c:/st/stm32cubeide_1.10.1/stm32cubeide/plugins/com.st.stm32cube.ide.mcu.externaltools.gnu-tools-for-stm32.10.3-2021.10.win32_1.0.0.202111181127/tools/bin/../lib/gcc/arm-none-eabi/10.3.1/../../../../arm-none-eabi/lib/thumb/v7e-m+fp/hard\libc_nano.a(lib_a-errno.o)
                              ./Core/Src/syscalls.o (__errno)
c:/st/stm32cubeide_1.10.1/stm32cubeide/plugins/com.st.stm32cube.ide.mcu.externaltools.gnu-tools-for-stm32.10.3-2021.10.win32_1.0.0.202111181127/tools/bin/../lib/gcc/arm-none-eabi/10.3.1/../../../../arm-none-eabi/lib/thumb/v7e-m+fp/hard\libc_nano.a(lib_a-exit.o)
                              c:/st/stm32cubeide_1.10.1/stm32cubeide/plugins/com.st.stm32cube.ide.mcu.externaltools.gnu-tools-for-stm32.10.3-2021.10.win32_1.0.0.202111181127/tools/bin/../lib/gcc/arm-none-eabi/10.3.1/../../../../arm-none-eabi/lib/thumb/v7e-m+fp/hard/crt0.o (exit)
c:/st/stm32cubeide_1.10.1/stm32cubeide/plugins/com.st.stm32cube.ide.mcu.externaltools.gnu-tools-for-stm32.10.3-2021.10.win32_1.0.0.202111181127/tools/bin/../lib/gcc/arm-none-eabi/10.3.1/../../../../arm-none-eabi/lib/thumb/v7e-m+fp/hard\libc_nano.a(lib_a-impure.o)
                              c:/st/stm32cubeide_1.10.1/stm32cubeide/plugins/com.st.stm32cube.ide.mcu.externaltools.gnu-tools-for-stm32.10.3-2021.10.win32_1.0.0.202111181127/tools/bin/../lib/gcc/arm-none-eabi/10.3.1/../../../../arm-none-eabi/lib/thumb/v7e-m+fp/hard\libc_nano.a(lib_a-exit.o) (_global_impure_ptr)
c:/st/stm32cubeide_1.10.1/stm32cubeide/plugins/com.st.stm32cube.ide.mcu.externaltools.gnu-tools-for-stm32.10.3-2021.10.win32_1.0.0.202111181127/tools/bin/../lib/gcc/arm-none-eabi/10.3.1/../../../../arm-none-eabi/lib/thumb/v7e-m+fp/hard\libc_nano.a(lib_a-init.o)
                              c:/st/stm32cubeide_1.10.1/stm32cubeide/plugins/com.st.stm32cube.ide.mcu.externaltools.gnu-tools-for-stm32.10.3-2021.10.win32_1.0.0.202111181127/tools/bin/../lib/gcc/arm-none-eabi/10.3.1/../../../../arm-none-eabi/lib/thumb/v7e-m+fp/hard/crt0.o (__libc_init_array)
c:/st/stm32cubeide_1.10.1/stm32cubeide/plugins/com.st.stm32cube.ide.mcu.externaltools.gnu-tools-for-stm32.10.3-2021.10.win32_1.0.0.202111181127/tools/bin/../lib/gcc/arm-none-eabi/10.3.1/../../../../arm-none-eabi/lib/thumb/v7e-m+fp/hard\libc_nano.a(lib_a-memset.o)
                              c:/st/stm32cubeide_1.10.1/stm32cubeide/plugins/com.st.stm32cube.ide.mcu.externaltools.gnu-tools-for-stm32.10.3-2021.10.win32_1.0.0.202111181127/tools/bin/../lib/gcc/arm-none-eabi/10.3.1/../../../../arm-none-eabi/lib/thumb/v7e-m+fp/hard/crt0.o (memset)
c:/st/stm32cubeide_1.10.1/stm32cubeide/plugins/com.st.stm32cube.ide.mcu.externaltools.gnu-tools-for-stm32.10.3-2021.10.win32_1.0.0.202111181127/tools/bin/../lib/gcc/arm-none-eabi/10.3.1/../../../../arm-none-eabi/lib/thumb/v7e-m+fp/hard\libm.a(lib_a-wf_fmod.o)
                              ./Core/Src/maths.o (fmodf)
c:/st/stm32cubeide_1.10.1/stm32cubeide/plugins/com.st.stm32cube.ide.mcu.externaltools.gnu-tools-for-stm32.10.3-2021.10.win32_1.0.0.202111181127/tools/bin/../lib/gcc/arm-none-eabi/10.3.1/../../../../arm-none-eabi/lib/thumb/v7e-m+fp/hard\libm.a(lib_a-ef_fmod.o)
                              c:/st/stm32cubeide_1.10.1/stm32cubeide/plugins/com.st.stm32cube.ide.mcu.externaltools.gnu-tools-for-stm32.10.3-2021.10.win32_1.0.0.202111181127/tools/bin/../lib/gcc/arm-none-eabi/10.3.1/../../../../arm-none-eabi/lib/thumb/v7e-m+fp/hard\libm.a(lib_a-wf_fmod.o) (__ieee754_fmodf)
c:/st/stm32cubeide_1.10.1/stm32cubeide/plugins/com.st.stm32cube.ide.mcu.externaltools.gnu-tools-for-stm32.10.3-2021.10.win32_1.0.0.202111181127/tools/bin/../lib/gcc/arm-none-eabi/10.3.1/thumb/v7e-m+fp/hard\libgcc.a(_arm_muldf3.o)
                              ./Core/Src/foc.o (__aeabi_dmul)
c:/st/stm32cubeide_1.10.1/stm32cubeide/plugins/com.st.stm32cube.ide.mcu.externaltools.gnu-tools-for-stm32.10.3-2021.10.win32_1.0.0.202111181127/tools/bin/../lib/gcc/arm-none-eabi/10.3.1/thumb/v7e-m+fp/hard\libgcc.a(_arm_addsubdf3.o)
                              ./Core/Src/foc.o (__aeabi_dsub)
c:/st/stm32cubeide_1.10.1/stm32cubeide/plugins/com.st.stm32cube.ide.mcu.externaltools.gnu-tools-for-stm32.10.3-2021.10.win32_1.0.0.202111181127/tools/bin/../lib/gcc/arm-none-eabi/10.3.1/thumb/v7e-m+fp/hard\libgcc.a(_arm_truncdfsf2.o)
                              ./Core/Src/foc.o (__aeabi_d2f)

Discarded input sections

 .text          0x0000000000000000        0x0 c:/st/stm32cubeide_1.10.1/stm32cubeide/plugins/com.st.stm32cube.ide.mcu.externaltools.gnu-tools-for-stm32.10.3-2021.10.win32_1.0.0.202111181127/tools/bin/../lib/gcc/arm-none-eabi/10.3.1/thumb/v7e-m+fp/hard/crti.o
 .data          0x0000000000000000        0x0 c:/st/stm32cubeide_1.10.1/stm32cubeide/plugins/com.st.stm32cube.ide.mcu.externaltools.gnu-tools-for-stm32.10.3-2021.10.win32_1.0.0.202111181127/tools/bin/../lib/gcc/arm-none-eabi/10.3.1/thumb/v7e-m+fp/hard/crti.o
[...]
Memory Configuration

Name             Origin             Length             Attributes
RAM              0x0000000020000000 0x0000000000008000 xrw
FLASH            0x0000000008000000 0x0000000000020000 xr
*default*        0x0000000000000000 0xffffffffffffffff

Linker script and memory map

LOAD c:/st/stm32cubeide_1.10.1/stm32cubeide/plugins/com.st.stm32cube.ide.mcu.externaltools.gnu-tools-for-stm32.10.3-2021.10.win32_1.0.0.202111181127/tools/bin/../lib/gcc/arm-none-eabi/10.3.1/thumb/v7e-m+fp/hard/crti.o
LOAD c:/st/stm32cubeide_1.10.1/stm32cubeide/plugins/com.st.stm32cube.ide.mcu.externaltools.gnu-tools-for-stm32.10.3-2021.10.win32_1.0.0.202111181127/tools/bin/../lib/gcc/arm-none-eabi/10.3.1/thumb/v7e-m+fp/hard/crtbegin.o
LOAD c:/st/stm32cubeide_1.10.1/stm32cubeide/plugins/com.st.stm32cube.ide.mcu.externaltools.gnu-tools-for-stm32.10.3-2021.10.win32_1.0.0.202111181127/tools/bin/../lib/gcc/arm-none-eabi/10.3.1/../../../../arm-none-eabi/lib/thumb/v7e-m+fp/hard/crt0.o
LOAD ./Core/Src/adc.o
LOAD ./Core/Src/analog_sample.o
LOAD ./Core/Src/dma.o
LOAD ./Core/Src/fdcan.o
LOAD ./Core/Src/foc.o
LOAD ./Core/Src/gpio.o
LOAD ./Core/Src/main.o
LOAD ./Core/Src/maths.o
LOAD ./Core/Src/opamp.o
LOAD ./Core/Src/spi.o
LOAD ./Core/Src/stm32g4xx_hal_msp.o
LOAD ./Core/Src/stm32g4xx_it.o
LOAD ./Core/Src/syscalls.o
LOAD ./Core/Src/sysmem.o
LOAD ./Core/Src/system_stm32g4xx.o
LOAD ./Core/Src/tim.o
LOAD ./Core/Startup/startup_stm32g431cbux.o
LOAD ./Drivers/STM32G4xx_HAL_Driver/Src/stm32g4xx_hal.o
LOAD ./Drivers/STM32G4xx_HAL_Driver/Src/stm32g4xx_hal_adc.o
LOAD ./Drivers/STM32G4xx_HAL_Driver/Src/stm32g4xx_hal_adc_ex.o
LOAD ./Drivers/STM32G4xx_HAL_Driver/Src/stm32g4xx_hal_cortex.o
LOAD ./Drivers/STM32G4xx_HAL_Driver/Src/stm32g4xx_hal_dma.o
LOAD ./Drivers/STM32G4xx_HAL_Driver/Src/stm32g4xx_hal_dma_ex.o
LOAD ./Drivers/STM32G4xx_HAL_Driver/Src/stm32g4xx_hal_exti.o
LOAD ./Drivers/STM32G4xx_HAL_Driver/Src/stm32g4xx_hal_fdcan.o
LOAD ./Drivers/STM32G4xx_HAL_Driver/Src/stm32g4xx_hal_flash.o
LOAD ./Drivers/STM32G4xx_HAL_Driver/Src/stm32g4xx_hal_flash_ex.o
LOAD ./Drivers/STM32G4xx_HAL_Driver/Src/stm32g4xx_hal_flash_ramfunc.o
LOAD ./Drivers/STM32G4xx_HAL_Driver/Src/stm32g4xx_hal_gpio.o
LOAD ./Drivers/STM32G4xx_HAL_Driver/Src/stm32g4xx_hal_opamp.o
LOAD ./Drivers/STM32G4xx_HAL_Driver/Src/stm32g4xx_hal_opamp_ex.o
LOAD ./Drivers/STM32G4xx_HAL_Driver/Src/stm32g4xx_hal_pwr.o
LOAD ./Drivers/STM32G4xx_HAL_Driver/Src/stm32g4xx_hal_pwr_ex.o
LOAD ./Drivers/STM32G4xx_HAL_Driver/Src/stm32g4xx_hal_rcc.o
LOAD ./Drivers/STM32G4xx_HAL_Driver/Src/stm32g4xx_hal_rcc_ex.o
LOAD ./Drivers/STM32G4xx_HAL_Driver/Src/stm32g4xx_hal_spi.o
LOAD ./Drivers/STM32G4xx_HAL_Driver/Src/stm32g4xx_hal_spi_ex.o
LOAD ./Drivers/STM32G4xx_HAL_Driver/Src/stm32g4xx_hal_tim.o
LOAD ./Drivers/STM32G4xx_HAL_Driver/Src/stm32g4xx_hal_tim_ex.o
LOAD ./Drivers/STM32G4xx_HAL_Driver/Src/stm32g4xx_ll_adc.o
START GROUP
LOAD c:/st/stm32cubeide_1.10.1/stm32cubeide/plugins/com.st.stm32cube.ide.mcu.externaltools.gnu-tools-for-stm32.10.3-2021.10.win32_1.0.0.202111181127/tools/bin/../lib/gcc/arm-none-eabi/10.3.1/../../../../arm-none-eabi/lib/thumb/v7e-m+fp/hard\libc_nano.a
LOAD c:/st/stm32cubeide_1.10.1/stm32cubeide/plugins/com.st.stm32cube.ide.mcu.externaltools.gnu-tools-for-stm32.10.3-2021.10.win32_1.0.0.202111181127/tools/bin/../lib/gcc/arm-none-eabi/10.3.1/../../../../arm-none-eabi/lib/thumb/v7e-m+fp/hard\libm.a
END GROUP
START GROUP
LOAD c:/st/stm32cubeide_1.10.1/stm32cubeide/plugins/com.st.stm32cube.ide.mcu.externaltools.gnu-tools-for-stm32.10.3-2021.10.win32_1.0.0.202111181127/tools/bin/../lib/gcc/arm-none-eabi/10.3.1/thumb/v7e-m+fp/hard\libgcc.a
LOAD c:/st/stm32cubeide_1.10.1/stm32cubeide/plugins/com.st.stm32cube.ide.mcu.externaltools.gnu-tools-for-stm32.10.3-2021.10.win32_1.0.0.202111181127/tools/bin/../lib/gcc/arm-none-eabi/10.3.1/../../../../arm-none-eabi/lib/thumb/v7e-m+fp/hard\libc_nano.a
END GROUP
START GROUP
LOAD c:/st/stm32cubeide_1.10.1/stm32cubeide/plugins/com.st.stm32cube.ide.mcu.externaltools.gnu-tools-for-stm32.10.3-2021.10.win32_1.0.0.202111181127/tools/bin/../lib/gcc/arm-none-eabi/10.3.1/thumb/v7e-m+fp/hard\libgcc.a
LOAD c:/st/stm32cubeide_1.10.1/stm32cubeide/plugins/com.st.stm32cube.ide.mcu.externaltools.gnu-tools-for-stm32.10.3-2021.10.win32_1.0.0.202111181127/tools/bin/../lib/gcc/arm-none-eabi/10.3.1/../../../../arm-none-eabi/lib/thumb/v7e-m+fp/hard\libc_nano.a
LOAD c:/st/stm32cubeide_1.10.1/stm32cubeide/plugins/com.st.stm32cube.ide.mcu.externaltools.gnu-tools-for-stm32.10.3-2021.10.win32_1.0.0.202111181127/tools/bin/../lib/gcc/arm-none-eabi/10.3.1/../../../../arm-none-eabi/lib/thumb/v7e-m+fp/hard\libnosys.a
END GROUP
START GROUP
LOAD c:/st/stm32cubeide_1.10.1/stm32cubeide/plugins/com.st.stm32cube.ide.mcu.externaltools.gnu-tools-for-stm32.10.3-2021.10.win32_1.0.0.202111181127/tools/bin/../lib/gcc/arm-none-eabi/10.3.1/thumb/v7e-m+fp/hard\libgcc.a
LOAD c:/st/stm32cubeide_1.10.1/stm32cubeide/plugins/com.st.stm32cube.ide.mcu.externaltools.gnu-tools-for-stm32.10.3-2021.10.win32_1.0.0.202111181127/tools/bin/../lib/gcc/arm-none-eabi/10.3.1/../../../../arm-none-eabi/lib/thumb/v7e-m+fp/hard\libc_nano.a
LOAD c:/st/stm32cubeide_1.10.1/stm32cubeide/plugins/com.st.stm32cube.ide.mcu.externaltools.gnu-tools-for-stm32.10.3-2021.10.win32_1.0.0.202111181127/tools/bin/../lib/gcc/arm-none-eabi/10.3.1/../../../../arm-none-eabi/lib/thumb/v7e-m+fp/hard\libnosys.a
END GROUP
LOAD c:/st/stm32cubeide_1.10.1/stm32cubeide/plugins/com.st.stm32cube.ide.mcu.externaltools.gnu-tools-for-stm32.10.3-2021.10.win32_1.0.0.202111181127/tools/bin/../lib/gcc/arm-none-eabi/10.3.1/thumb/v7e-m+fp/hard/crtend.o
LOAD c:/st/stm32cubeide_1.10.1/stm32cubeide/plugins/com.st.stm32cube.ide.mcu.externaltools.gnu-tools-for-stm32.10.3-2021.10.win32_1.0.0.202111181127/tools/bin/../lib/gcc/arm-none-eabi/10.3.1/thumb/v7e-m+fp/hard/crtn.o
                0x0000000020008000                _estack = (ORIGIN (RAM) + LENGTH (RAM))
                0x0000000000000200                _Min_Heap_Size = 0x200
                0x0000000000000400                _Min_Stack_Size = 0x400

.isr_vector     0x0000000008000000      0x1d8
                0x0000000008000000                . = ALIGN (0x4)
 *(.isr_vector)
 .isr_vector    0x0000000008000000      0x1d8 ./Core/Startup/startup_stm32g431cbux.o
                0x0000000008000000                g_pfnVectors
                0x00000000080001d8                . = ALIGN (0x4)

.text           0x00000000080001d8     0x79bc
                0x00000000080001d8                . = ALIGN (0x4)
 *(.text)
 .text          0x00000000080001d8       0x40 c:/st/stm32cubeide_1.10.1/stm32cubeide/plugins/com.st.stm32cube.ide.mcu.externaltools.gnu-tools-for-stm32.10.3-2021.10.win32_1.0.0.202111181127/tools/bin/../lib/gcc/arm-none-eabi/10.3.1/thumb/v7e-m+fp/hard/crtbegin.o
 .text          0x0000000008000218      0x254 c:/st/stm32cubeide_1.10.1/stm32cubeide/plugins/com.st.stm32cube.ide.mcu.externaltools.gnu-tools-for-stm32.10.3-2021.10.win32_1.0.0.202111181127/tools/bin/../lib/gcc/arm-none-eabi/10.3.1/thumb/v7e-m+fp/hard\libgcc.a(_arm_muldf3.o)
                0x0000000008000218                __muldf3
                0x0000000008000218                __aeabi_dmul
 .text          0x000000000800046c      0x378 c:/st/stm32cubeide_1.10.1/stm32cubeide/plugins/com.st.stm32cube.ide.mcu.externaltools.gnu-tools-for-stm32.10.3-2021.10.win32_1.0.0.202111181127/tools/bin/../lib/gcc/arm-none-eabi/10.3.1/thumb/v7e-m+fp/hard\libgcc.a(_arm_addsubdf3.o)
                0x000000000800046c                __aeabi_drsub
                0x0000000008000474                __aeabi_dsub
                0x0000000008000474                __subdf3
                0x0000000008000478                __aeabi_dadd
                0x0000000008000478                __adddf3
                0x00000000080006f0                __floatunsidf
                0x00000000080006f0                __aeabi_ui2d
                0x0000000008000710                __floatsidf
                0x0000000008000710                __aeabi_i2d
                0x0000000008000734                __aeabi_f2d
                0x0000000008000734                __extendsfdf2
                0x0000000008000778                __floatundidf
                0x0000000008000778                __aeabi_ul2d
                0x0000000008000788                __floatdidf
                0x0000000008000788                __aeabi_l2d
 .text          0x00000000080007e4       0xa0 c:/st/stm32cubeide_1.10.1/stm32cubeide/plugins/com.st.stm32cube.ide.mcu.externaltools.gnu-tools-for-stm32.10.3-2021.10.win32_1.0.0.202111181127/tools/bin/../lib/gcc/arm-none-eabi/10.3.1/thumb/v7e-m+fp/hard\libgcc.a(_arm_truncdfsf2.o)
                0x00000000080007e4                __truncdfsf2
                0x00000000080007e4                __aeabi_d2f
 *(.text*)
 .text.MX_ADC1_Init
                0x0000000008000884       0xf0 ./Core/Src/adc.o
                0x0000000008000884                MX_ADC1_Init
 .text.MX_ADC2_Init
                0x0000000008000974       0xec ./Core/Src/adc.o
                0x0000000008000974                MX_ADC2_Init
 .text.HAL_ADC_MspInit
                0x0000000008000a60      0x20c ./Core/Src/adc.o
                0x0000000008000a60                HAL_ADC_MspInit
 .text.ps_amt_sample
                0x0000000008000c6c       0xac ./Core/Src/analog_sample.o
                0x0000000008000c6c                ps_amt_sample
 .text.vbus_sample
                0x0000000008000d18       0x38 ./Core/Src/analog_sample.o
                0x0000000008000d18                vbus_sample
 .text.MX_DMA_Init
                0x0000000008000d50       0x64 ./Core/Src/dma.o
                0x0000000008000d50                MX_DMA_Init
 .text.MX_FDCAN1_Init
                0x0000000008000db4       0x8c ./Core/Src/fdcan.o
                0x0000000008000db4                MX_FDCAN1_Init
 .text.HAL_FDCAN_MspInit
                0x0000000008000e40       0xf4 ./Core/Src/fdcan.o
                0x0000000008000e40                HAL_FDCAN_MspInit
 .text.can_rx_init
                0x0000000008000f34       0x54 ./Core/Src/fdcan.o
                0x0000000008000f34                can_rx_init
 .text.can_tx_init
                0x0000000008000f88       0x4a ./Core/Src/fdcan.o
                0x0000000008000f88                can_tx_init
 *fill*         0x0000000008000fd2        0x2 
 .text.set_dtc  0x0000000008000fd4       0x98 ./Core/Src/foc.o
                0x0000000008000fd4                set_dtc
 *fill*         0x000000000800106c        0x4 
 .text.abc      0x0000000008001070      0x208 ./Core/Src/foc.o
                0x0000000008001070                abc
 .text.svm      0x0000000008001278      0x150 ./Core/Src/foc.o
                0x0000000008001278                svm
 .text.MX_GPIO_Init
                0x00000000080013c8       0xdc ./Core/Src/gpio.o
                0x00000000080013c8                MX_GPIO_Init
 .text.main     0x00000000080014a4       0xe8 ./Core/Src/main.o
                0x00000000080014a4                main
 .text.SystemClock_Config
                0x000000000800158c       0x92 ./Core/Src/main.o
                0x000000000800158c                SystemClock_Config
 .text.Error_Handler
                0x000000000800161e        0xa ./Core/Src/main.o
                0x000000000800161e                Error_Handler
 .text.fast_fmaxf
                0x0000000008001628       0x38 ./Core/Src/maths.o
                0x0000000008001628                fast_fmaxf
 .text.fast_fminf
                0x0000000008001660       0x38 ./Core/Src/maths.o
                0x0000000008001660                fast_fminf
 .text.fmaxf3   0x0000000008001698       0x68 ./Core/Src/maths.o
                0x0000000008001698                fmaxf3
 .text.fminf3   0x0000000008001700       0x68 ./Core/Src/maths.o
                0x0000000008001700                fminf3
 .text.sin_lut  0x0000000008001768       0x74 ./Core/Src/maths.o
                0x0000000008001768                sin_lut
 .text.cos_lut  0x00000000080017dc       0x30 ./Core/Src/maths.o
                0x00000000080017dc                cos_lut
 .text.MX_OPAMP1_Init
                0x000000000800180c       0x5c ./Core/Src/opamp.o
                0x000000000800180c                MX_OPAMP1_Init
 .text.MX_OPAMP2_Init
                0x0000000008001868       0x5c ./Core/Src/opamp.o
                0x0000000008001868                MX_OPAMP2_Init
 .text.MX_OPAMP3_Init
                0x00000000080018c4       0x5c ./Core/Src/opamp.o
                0x00000000080018c4                MX_OPAMP3_Init
 .text.HAL_OPAMP_MspInit
                0x0000000008001920       0xec ./Core/Src/opamp.o
                0x0000000008001920                HAL_OPAMP_MspInit
 .text.MX_SPI1_Init
                0x0000000008001a0c       0x7c ./Core/Src/spi.o
                0x0000000008001a0c                MX_SPI1_Init
 .text.HAL_SPI_MspInit
                0x0000000008001a88       0x88 ./Core/Src/spi.o
                0x0000000008001a88                HAL_SPI_MspInit
 .text.HAL_MspInit
                0x0000000008001b10       0x48 ./Core/Src/stm32g4xx_hal_msp.o
                0x0000000008001b10                HAL_MspInit
 .text.NMI_Handler
                0x0000000008001b58        0x6 ./Core/Src/stm32g4xx_it.o
                0x0000000008001b58                NMI_Handler
 .text.HardFault_Handler
                0x0000000008001b5e        0x6 ./Core/Src/stm32g4xx_it.o
                0x0000000008001b5e                HardFault_Handler
 .text.MemManage_Handler
                0x0000000008001b64        0x6 ./Core/Src/stm32g4xx_it.o
                0x0000000008001b64                MemManage_Handler
 .text.BusFault_Handler
                0x0000000008001b6a        0x6 ./Core/Src/stm32g4xx_it.o
                0x0000000008001b6a                BusFault_Handler
 .text.UsageFault_Handler
                0x0000000008001b70        0x6 ./Core/Src/stm32g4xx_it.o
                0x0000000008001b70                UsageFault_Handler
 .text.SVC_Handler
                0x0000000008001b76        0xe ./Core/Src/stm32g4xx_it.o
                0x0000000008001b76                SVC_Handler
 .text.DebugMon_Handler
                0x0000000008001b84        0xe ./Core/Src/stm32g4xx_it.o
                0x0000000008001b84                DebugMon_Handler
 .text.PendSV_Handler
                0x0000000008001b92        0xe ./Core/Src/stm32g4xx_it.o
                0x0000000008001b92                PendSV_Handler
 .text.SysTick_Handler
                0x0000000008001ba0        0xc ./Core/Src/stm32g4xx_it.o
                0x0000000008001ba0                SysTick_Handler
 .text.DMA1_Channel1_IRQHandler
                0x0000000008001bac       0x14 ./Core/Src/stm32g4xx_it.o
                0x0000000008001bac                DMA1_Channel1_IRQHandler
 .text.DMA1_Channel2_IRQHandler
                0x0000000008001bc0       0x14 ./Core/Src/stm32g4xx_it.o
                0x0000000008001bc0                DMA1_Channel2_IRQHandler
 .text.TIM1_UP_TIM16_IRQHandler
                0x0000000008001bd4       0xc4 ./Core/Src/stm32g4xx_it.o
                0x0000000008001bd4                TIM1_UP_TIM16_IRQHandler
 .text.SystemInit
                0x0000000008001c98       0x24 ./Core/Src/system_stm32g4xx.o
                0x0000000008001c98                SystemInit
 .text.MX_TIM1_Init
                0x0000000008001cbc      0x190 ./Core/Src/tim.o
                0x0000000008001cbc                MX_TIM1_Init
 .text.MX_TIM2_Init
                0x0000000008001e4c       0x9c ./Core/Src/tim.o
                0x0000000008001e4c                MX_TIM2_Init
 .text.HAL_TIM_Base_MspInit
                0x0000000008001ee8       0x70 ./Core/Src/tim.o
                0x0000000008001ee8                HAL_TIM_Base_MspInit
 .text.HAL_TIM_MspPostInit
                0x0000000008001f58       0xec ./Core/Src/tim.o
                0x0000000008001f58                HAL_TIM_MspPostInit
 .text.Reset_Handler
                0x0000000008002044       0x50 ./Core/Startup/startup_stm32g431cbux.o
                0x0000000008002044                Reset_Handler
 .text.Default_Handler
                0x0000000008002094        0x2 ./Core/Startup/startup_stm32g431cbux.o
                0x0000000008002094                RTC_Alarm_IRQHandler
                0x0000000008002094                EXTI2_IRQHandler
                0x0000000008002094                TIM8_TRG_COM_IRQHandler
                0x0000000008002094                TIM8_CC_IRQHandler
                0x0000000008002094                TIM1_CC_IRQHandler
                0x0000000008002094                USB_HP_IRQHandler
                0x0000000008002094                CORDIC_IRQHandler
                0x0000000008002094                EXTI3_IRQHandler
                0x0000000008002094                I2C3_ER_IRQHandler
                0x0000000008002094                EXTI0_IRQHandler
                0x0000000008002094                I2C2_EV_IRQHandler
                0x0000000008002094                FPU_IRQHandler
                0x0000000008002094                FDCAN1_IT1_IRQHandler
                0x0000000008002094                ADC1_2_IRQHandler
                0x0000000008002094                SPI1_IRQHandler
                0x0000000008002094                TIM6_DAC_IRQHandler
                0x0000000008002094                TIM8_UP_IRQHandler
                0x0000000008002094                DMA2_Channel2_IRQHandler
                0x0000000008002094                DMA1_Channel4_IRQHandler
                0x0000000008002094                USART3_IRQHandler
                0x0000000008002094                TIM4_IRQHandler
                0x0000000008002094                DMA2_Channel1_IRQHandler
                0x0000000008002094                I2C1_EV_IRQHandler
                0x0000000008002094                DMA1_Channel6_IRQHandler
                0x0000000008002094                UART4_IRQHandler
                0x0000000008002094                DMA2_Channel4_IRQHandler
                0x0000000008002094                TIM3_IRQHandler
                0x0000000008002094                RCC_IRQHandler
                0x0000000008002094                Default_Handler
                0x0000000008002094                RTC_TAMP_LSECSS_IRQHandler
                0x0000000008002094                FMAC_IRQHandler
                0x0000000008002094                EXTI15_10_IRQHandler
                0x0000000008002094                TIM7_IRQHandler
                0x0000000008002094                UCPD1_IRQHandler
                0x0000000008002094                I2C3_EV_IRQHandler
                0x0000000008002094                EXTI9_5_IRQHandler
                0x0000000008002094                RTC_WKUP_IRQHandler
                0x0000000008002094                PVD_PVM_IRQHandler
                0x0000000008002094                SPI2_IRQHandler
                0x0000000008002094                DMA2_Channel5_IRQHandler
                0x0000000008002094                CRS_IRQHandler
                0x0000000008002094                DMA1_Channel5_IRQHandler
                0x0000000008002094                USB_LP_IRQHandler
                0x0000000008002094                EXTI4_IRQHandler
                0x0000000008002094                RNG_IRQHandler
                0x0000000008002094                TIM1_TRG_COM_TIM17_IRQHandler
                0x0000000008002094                DMA1_Channel3_IRQHandler
                0x0000000008002094                WWDG_IRQHandler
                0x0000000008002094                LPUART1_IRQHandler
                0x0000000008002094                DMA2_Channel6_IRQHandler
                0x0000000008002094                FDCAN1_IT0_IRQHandler
                0x0000000008002094                TIM2_IRQHandler
                0x0000000008002094                COMP1_2_3_IRQHandler
                0x0000000008002094                EXTI1_IRQHandler
                0x0000000008002094                USART2_IRQHandler
                0x0000000008002094                I2C2_ER_IRQHandler
                0x0000000008002094                TIM8_BRK_IRQHandler
                0x0000000008002094                FLASH_IRQHandler
                0x0000000008002094                USART1_IRQHandler
                0x0000000008002094                SPI3_IRQHandler
                0x0000000008002094                I2C1_ER_IRQHandler
                0x0000000008002094                LPTIM1_IRQHandler
                0x0000000008002094                DMAMUX_OVR_IRQHandler
                0x0000000008002094                USBWakeUp_IRQHandler
                0x0000000008002094                SAI1_IRQHandler
                0x0000000008002094                DMA2_Channel3_IRQHandler
                0x0000000008002094                COMP4_IRQHandler
                0x0000000008002094                TIM1_BRK_TIM15_IRQHandler
 .text.HAL_Init
                0x0000000008002096       0x30 ./Drivers/STM32G4xx_HAL_Driver/Src/stm32g4xx_hal.o
                0x0000000008002096                HAL_Init
 *fill*         0x00000000080020c6        0x2 
 .text.HAL_InitTick
                0x00000000080020c8       0x74 ./Drivers/STM32G4xx_HAL_Driver/Src/stm32g4xx_hal.o
                0x00000000080020c8                HAL_InitTick
 .text.HAL_IncTick
                0x000000000800213c       0x24 ./Drivers/STM32G4xx_HAL_Driver/Src/stm32g4xx_hal.o
                0x000000000800213c                HAL_IncTick
 .text.HAL_GetTick
                0x0000000008002160       0x18 ./Drivers/STM32G4xx_HAL_Driver/Src/stm32g4xx_hal.o
                0x0000000008002160                HAL_GetTick
 .text.HAL_Delay
                0x0000000008002178       0x44 ./Drivers/STM32G4xx_HAL_Driver/Src/stm32g4xx_hal.o
                0x0000000008002178                HAL_Delay
 .text.LL_ADC_SetCommonClock
                0x00000000080021bc       0x26 ./Drivers/STM32G4xx_HAL_Driver/Src/stm32g4xx_hal_adc.o
 .text.LL_ADC_SetCommonPathInternalCh
                0x00000000080021e2       0x26 ./Drivers/STM32G4xx_HAL_Driver/Src/stm32g4xx_hal_adc.o
 .text.LL_ADC_GetCommonPathInternalCh
                0x0000000008002208       0x1c ./Drivers/STM32G4xx_HAL_Driver/Src/stm32g4xx_hal_adc.o
 .text.LL_ADC_SetOffset
                0x0000000008002224       0x48 ./Drivers/STM32G4xx_HAL_Driver/Src/stm32g4xx_hal_adc.o
 .text.LL_ADC_GetOffsetChannel
                0x000000000800226c       0x2c ./Drivers/STM32G4xx_HAL_Driver/Src/stm32g4xx_hal_adc.o
 .text.LL_ADC_SetOffsetState
                0x0000000008002298       0x36 ./Drivers/STM32G4xx_HAL_Driver/Src/stm32g4xx_hal_adc.o
 .text.LL_ADC_SetOffsetSign
                0x00000000080022ce       0x36 ./Drivers/STM32G4xx_HAL_Driver/Src/stm32g4xx_hal_adc.o
 .text.LL_ADC_SetOffsetSaturation
                0x0000000008002304       0x36 ./Drivers/STM32G4xx_HAL_Driver/Src/stm32g4xx_hal_adc.o
 .text.LL_ADC_SetSamplingTimeCommonConfig
                0x000000000800233a       0x26 ./Drivers/STM32G4xx_HAL_Driver/Src/stm32g4xx_hal_adc.o
 .text.LL_ADC_REG_IsTriggerSourceSWStart
                0x0000000008002360       0x26 ./Drivers/STM32G4xx_HAL_Driver/Src/stm32g4xx_hal_adc.o
 .text.LL_ADC_REG_SetSequencerRanks
                0x0000000008002386       0x58 ./Drivers/STM32G4xx_HAL_Driver/Src/stm32g4xx_hal_adc.o
 .text.LL_ADC_SetChannelSamplingTime
                0x00000000080023de       0x56 ./Drivers/STM32G4xx_HAL_Driver/Src/stm32g4xx_hal_adc.o
 .text.LL_ADC_SetChannelSingleDiff
                0x0000000008002434       0x48 ./Drivers/STM32G4xx_HAL_Driver/Src/stm32g4xx_hal_adc.o
 .text.LL_ADC_GetMultimode
                0x000000000800247c       0x1c ./Drivers/STM32G4xx_HAL_Driver/Src/stm32g4xx_hal_adc.o
 .text.LL_ADC_GetMultiDMATransfer
                0x0000000008002498       0x1c ./Drivers/STM32G4xx_HAL_Driver/Src/stm32g4xx_hal_adc.o
 .text.LL_ADC_DisableDeepPowerDown
                0x00000000080024b4       0x24 ./Drivers/STM32G4xx_HAL_Driver/Src/stm32g4xx_hal_adc.o
 .text.LL_ADC_IsDeepPowerDownEnabled
                0x00000000080024d8       0x28 ./Drivers/STM32G4xx_HAL_Driver/Src/stm32g4xx_hal_adc.o
 .text.LL_ADC_EnableInternalRegulator
                0x0000000008002500       0x28 ./Drivers/STM32G4xx_HAL_Driver/Src/stm32g4xx_hal_adc.o
 .text.LL_ADC_IsInternalRegulatorEnabled
                0x0000000008002528       0x28 ./Drivers/STM32G4xx_HAL_Driver/Src/stm32g4xx_hal_adc.o
 .text.LL_ADC_Enable
                0x0000000008002550       0x28 ./Drivers/STM32G4xx_HAL_Driver/Src/stm32g4xx_hal_adc.o
 .text.LL_ADC_IsEnabled
                0x0000000008002578       0x26 ./Drivers/STM32G4xx_HAL_Driver/Src/stm32g4xx_hal_adc.o
 .text.LL_ADC_REG_StartConversion
                0x000000000800259e       0x28 ./Drivers/STM32G4xx_HAL_Driver/Src/stm32g4xx_hal_adc.o
 .text.LL_ADC_REG_IsConversionOngoing
                0x00000000080025c6       0x26 ./Drivers/STM32G4xx_HAL_Driver/Src/stm32g4xx_hal_adc.o
 .text.LL_ADC_INJ_IsConversionOngoing
                0x00000000080025ec       0x26 ./Drivers/STM32G4xx_HAL_Driver/Src/stm32g4xx_hal_adc.o
 *fill*         0x0000000008002612        0x2 
 .text.HAL_ADC_Init
                0x0000000008002614      0x308 ./Drivers/STM32G4xx_HAL_Driver/Src/stm32g4xx_hal_adc.o
                0x0000000008002614                HAL_ADC_Init
 .text.HAL_ADC_Start
                0x000000000800291c      0x178 ./Drivers/STM32G4xx_HAL_Driver/Src/stm32g4xx_hal_adc.o
                0x000000000800291c                HAL_ADC_Start
 .text.HAL_ADC_PollForConversion
                0x0000000008002a94      0x1b0 ./Drivers/STM32G4xx_HAL_Driver/Src/stm32g4xx_hal_adc.o
                0x0000000008002a94                HAL_ADC_PollForConversion
 .text.HAL_ADC_GetValue
                0x0000000008002c44       0x1a ./Drivers/STM32G4xx_HAL_Driver/Src/stm32g4xx_hal_adc.o
                0x0000000008002c44                HAL_ADC_GetValue
 *fill*         0x0000000008002c5e        0x2 
 .text.HAL_ADC_ConfigChannel
                0x0000000008002c60      0x7e0 ./Drivers/STM32G4xx_HAL_Driver/Src/stm32g4xx_hal_adc.o
                0x0000000008002c60                HAL_ADC_ConfigChannel
 .text.ADC_Enable
                0x0000000008003440      0x10c ./Drivers/STM32G4xx_HAL_Driver/Src/stm32g4xx_hal_adc.o
                0x0000000008003440                ADC_Enable
 .text.LL_ADC_IsEnabled
                0x000000000800354c       0x26 ./Drivers/STM32G4xx_HAL_Driver/Src/stm32g4xx_hal_adc_ex.o
 .text.LL_ADC_REG_IsConversionOngoing
                0x0000000008003572       0x26 ./Drivers/STM32G4xx_HAL_Driver/Src/stm32g4xx_hal_adc_ex.o
 .text.HAL_ADCEx_MultiModeConfigChannel
                0x0000000008003598      0x148 ./Drivers/STM32G4xx_HAL_Driver/Src/stm32g4xx_hal_adc_ex.o
                0x0000000008003598                HAL_ADCEx_MultiModeConfigChannel
 .text.__NVIC_SetPriorityGrouping
                0x00000000080036e0       0x48 ./Drivers/STM32G4xx_HAL_Driver/Src/stm32g4xx_hal_cortex.o
 .text.__NVIC_GetPriorityGrouping
                0x0000000008003728       0x1c ./Drivers/STM32G4xx_HAL_Driver/Src/stm32g4xx_hal_cortex.o
 .text.__NVIC_EnableIRQ
                0x0000000008003744       0x3c ./Drivers/STM32G4xx_HAL_Driver/Src/stm32g4xx_hal_cortex.o
 .text.__NVIC_SetPriority
                0x0000000008003780       0x54 ./Drivers/STM32G4xx_HAL_Driver/Src/stm32g4xx_hal_cortex.o
 .text.NVIC_EncodePriority
                0x00000000080037d4       0x66 ./Drivers/STM32G4xx_HAL_Driver/Src/stm32g4xx_hal_cortex.o
 *fill*         0x000000000800383a        0x2 
 .text.SysTick_Config
                0x000000000800383c       0x44 ./Drivers/STM32G4xx_HAL_Driver/Src/stm32g4xx_hal_cortex.o
 .text.HAL_NVIC_SetPriorityGrouping
                0x0000000008003880       0x16 ./Drivers/STM32G4xx_HAL_Driver/Src/stm32g4xx_hal_cortex.o
                0x0000000008003880                HAL_NVIC_SetPriorityGrouping
 .text.HAL_NVIC_SetPriority
                0x0000000008003896       0x34 ./Drivers/STM32G4xx_HAL_Driver/Src/stm32g4xx_hal_cortex.o
                0x0000000008003896                HAL_NVIC_SetPriority
 .text.HAL_NVIC_EnableIRQ
                0x00000000080038ca       0x1c ./Drivers/STM32G4xx_HAL_Driver/Src/stm32g4xx_hal_cortex.o
                0x00000000080038ca                HAL_NVIC_EnableIRQ
 .text.HAL_SYSTICK_Config
                0x00000000080038e6       0x18 ./Drivers/STM32G4xx_HAL_Driver/Src/stm32g4xx_hal_cortex.o
                0x00000000080038e6                HAL_SYSTICK_Config
 *fill*         0x00000000080038fe        0x2 
 .text.HAL_DMA_Init
                0x0000000008003900      0x150 ./Drivers/STM32G4xx_HAL_Driver/Src/stm32g4xx_hal_dma.o
                0x0000000008003900                HAL_DMA_Init
 .text.HAL_DMA_IRQHandler
                0x0000000008003a50      0x15e ./Drivers/STM32G4xx_HAL_Driver/Src/stm32g4xx_hal_dma.o
                0x0000000008003a50                HAL_DMA_IRQHandler
 *fill*         0x0000000008003bae        0x2 
 .text.DMA_CalcDMAMUXChannelBaseAndMask
                0x0000000008003bb0       0x7c ./Drivers/STM32G4xx_HAL_Driver/Src/stm32g4xx_hal_dma.o
 .text.DMA_CalcDMAMUXRequestGenBaseAndMask
                0x0000000008003c2c       0x48 ./Drivers/STM32G4xx_HAL_Driver/Src/stm32g4xx_hal_dma.o
 .text.HAL_FDCAN_Init
                0x0000000008003c74      0x2b4 ./Drivers/STM32G4xx_HAL_Driver/Src/stm32g4xx_hal_fdcan.o
                0x0000000008003c74                HAL_FDCAN_Init
 .text.HAL_FDCAN_ConfigFilter
                0x0000000008003f28       0xb4 ./Drivers/STM32G4xx_HAL_Driver/Src/stm32g4xx_hal_fdcan.o
                0x0000000008003f28                HAL_FDCAN_ConfigFilter
 .text.HAL_FDCAN_ConfigGlobalFilter
                0x0000000008003fdc       0x62 ./Drivers/STM32G4xx_HAL_Driver/Src/stm32g4xx_hal_fdcan.o
                0x0000000008003fdc                HAL_FDCAN_ConfigGlobalFilter
 .text.HAL_FDCAN_Start
                0x000000000800403e       0x50 ./Drivers/STM32G4xx_HAL_Driver/Src/stm32g4xx_hal_fdcan.o
                0x000000000800403e                HAL_FDCAN_Start
 *fill*         0x000000000800408e        0x2 
 .text.FDCAN_CalcultateRamBlockAddresses
                0x0000000008004090       0xac ./Drivers/STM32G4xx_HAL_Driver/Src/stm32g4xx_hal_fdcan.o
 .text.HAL_GPIO_Init
                0x000000000800413c      0x304 ./Drivers/STM32G4xx_HAL_Driver/Src/stm32g4xx_hal_gpio.o
                0x000000000800413c                HAL_GPIO_Init
 .text.HAL_GPIO_WritePin
                0x0000000008004440       0x30 ./Drivers/STM32G4xx_HAL_Driver/Src/stm32g4xx_hal_gpio.o
                0x0000000008004440                HAL_GPIO_WritePin
 .text.HAL_OPAMP_Init
                0x0000000008004470      0x1a0 ./Drivers/STM32G4xx_HAL_Driver/Src/stm32g4xx_hal_opamp.o
                0x0000000008004470                HAL_OPAMP_Init
 .text.HAL_PWREx_ControlVoltageScaling
                0x0000000008004610      0x148 ./Drivers/STM32G4xx_HAL_Driver/Src/stm32g4xx_hal_pwr_ex.o
                0x0000000008004610                HAL_PWREx_ControlVoltageScaling
 .text.HAL_RCC_OscConfig
                0x0000000008004758      0x624 ./Drivers/STM32G4xx_HAL_Driver/Src/stm32g4xx_hal_rcc.o
                0x0000000008004758                HAL_RCC_OscConfig
 .text.HAL_RCC_ClockConfig
                0x0000000008004d7c      0x278 ./Drivers/STM32G4xx_HAL_Driver/Src/stm32g4xx_hal_rcc.o
                0x0000000008004d7c                HAL_RCC_ClockConfig
 .text.HAL_RCC_GetSysClockFreq
                0x0000000008004ff4       0xc4 ./Drivers/STM32G4xx_HAL_Driver/Src/stm32g4xx_hal_rcc.o
                0x0000000008004ff4                HAL_RCC_GetSysClockFreq
 .text.RCC_GetSysClockFreqFromPLLSource
                0x00000000080050b8       0x8c ./Drivers/STM32G4xx_HAL_Driver/Src/stm32g4xx_hal_rcc.o
 .text.HAL_RCCEx_PeriphCLKConfig
                0x0000000008005144      0x3e0 ./Drivers/STM32G4xx_HAL_Driver/Src/stm32g4xx_hal_rcc_ex.o
                0x0000000008005144                HAL_RCCEx_PeriphCLKConfig
 .text.HAL_SPI_Init
                0x0000000008005524      0x156 ./Drivers/STM32G4xx_HAL_Driver/Src/stm32g4xx_hal_spi.o
                0x0000000008005524                HAL_SPI_Init
 .text.HAL_SPI_Receive
                0x000000000800567a      0x26e ./Drivers/STM32G4xx_HAL_Driver/Src/stm32g4xx_hal_spi.o
                0x000000000800567a                HAL_SPI_Receive
 .text.HAL_SPI_TransmitReceive
                0x00000000080058e8      0x444 ./Drivers/STM32G4xx_HAL_Driver/Src/stm32g4xx_hal_spi.o
                0x00000000080058e8                HAL_SPI_TransmitReceive
 .text.SPI_WaitFlagStateUntilTimeout
                0x0000000008005d2c      0x110 ./Drivers/STM32G4xx_HAL_Driver/Src/stm32g4xx_hal_spi.o
 .text.SPI_WaitFifoStateUntilTimeout
                0x0000000008005e3c      0x12c ./Drivers/STM32G4xx_HAL_Driver/Src/stm32g4xx_hal_spi.o
 .text.SPI_EndRxTransaction
                0x0000000008005f68       0xb0 ./Drivers/STM32G4xx_HAL_Driver/Src/stm32g4xx_hal_spi.o
 .text.SPI_EndRxTxTransaction
                0x0000000008006018       0x8c ./Drivers/STM32G4xx_HAL_Driver/Src/stm32g4xx_hal_spi.o
 .text.HAL_TIM_Base_Init
                0x00000000080060a4       0xae ./Drivers/STM32G4xx_HAL_Driver/Src/stm32g4xx_hal_tim.o
                0x00000000080060a4                HAL_TIM_Base_Init
 *fill*         0x0000000008006152        0x2 
 .text.HAL_TIM_Base_Start
                0x0000000008006154       0xc4 ./Drivers/STM32G4xx_HAL_Driver/Src/stm32g4xx_hal_tim.o
                0x0000000008006154                HAL_TIM_Base_Start
 .text.HAL_TIM_Base_Start_IT
                0x0000000008006218       0xd4 ./Drivers/STM32G4xx_HAL_Driver/Src/stm32g4xx_hal_tim.o
                0x0000000008006218                HAL_TIM_Base_Start_IT
 .text.HAL_TIM_PWM_Init
                0x00000000080062ec       0xae ./Drivers/STM32G4xx_HAL_Driver/Src/stm32g4xx_hal_tim.o
                0x00000000080062ec                HAL_TIM_PWM_Init
 .text.HAL_TIM_PWM_MspInit
                0x000000000800639a       0x14 ./Drivers/STM32G4xx_HAL_Driver/Src/stm32g4xx_hal_tim.o
                0x000000000800639a                HAL_TIM_PWM_MspInit
 *fill*         0x00000000080063ae        0x2 
 .text.HAL_TIM_PWM_Start
                0x00000000080063b0      0x200 ./Drivers/STM32G4xx_HAL_Driver/Src/stm32g4xx_hal_tim.o
                0x00000000080063b0                HAL_TIM_PWM_Start
 .text.HAL_TIM_IRQHandler
                0x00000000080065b0      0x29e ./Drivers/STM32G4xx_HAL_Driver/Src/stm32g4xx_hal_tim.o
                0x00000000080065b0                HAL_TIM_IRQHandler
 *fill*         0x000000000800684e        0x2 
 .text.HAL_TIM_PWM_ConfigChannel
                0x0000000008006850      0x228 ./Drivers/STM32G4xx_HAL_Driver/Src/stm32g4xx_hal_tim.o
                0x0000000008006850                HAL_TIM_PWM_ConfigChannel
 .text.HAL_TIM_ConfigClockSource
                0x0000000008006a78      0x1f4 ./Drivers/STM32G4xx_HAL_Driver/Src/stm32g4xx_hal_tim.o
                0x0000000008006a78                HAL_TIM_ConfigClockSource
 .text.HAL_TIM_PeriodElapsedCallback
                0x0000000008006c6c       0x14 ./Drivers/STM32G4xx_HAL_Driver/Src/stm32g4xx_hal_tim.o
                0x0000000008006c6c                HAL_TIM_PeriodElapsedCallback
 .text.HAL_TIM_OC_DelayElapsedCallback
                0x0000000008006c80       0x14 ./Drivers/STM32G4xx_HAL_Driver/Src/stm32g4xx_hal_tim.o
                0x0000000008006c80                HAL_TIM_OC_DelayElapsedCallback
 .text.HAL_TIM_IC_CaptureCallback
                0x0000000008006c94       0x14 ./Drivers/STM32G4xx_HAL_Driver/Src/stm32g4xx_hal_tim.o
                0x0000000008006c94                HAL_TIM_IC_CaptureCallback
 .text.HAL_TIM_PWM_PulseFinishedCallback
                0x0000000008006ca8       0x14 ./Drivers/STM32G4xx_HAL_Driver/Src/stm32g4xx_hal_tim.o
                0x0000000008006ca8                HAL_TIM_PWM_PulseFinishedCallback
 .text.HAL_TIM_TriggerCallback
                0x0000000008006cbc       0x14 ./Drivers/STM32G4xx_HAL_Driver/Src/stm32g4xx_hal_tim.o
                0x0000000008006cbc                HAL_TIM_TriggerCallback
 .text.TIM_Base_SetConfig
                0x0000000008006cd0      0x138 ./Drivers/STM32G4xx_HAL_Driver/Src/stm32g4xx_hal_tim.o
                0x0000000008006cd0                TIM_Base_SetConfig
 .text.TIM_OC1_SetConfig
                0x0000000008006e08      0x120 ./Drivers/STM32G4xx_HAL_Driver/Src/stm32g4xx_hal_tim.o
 .text.TIM_OC2_SetConfig
                0x0000000008006f28      0x114 ./Drivers/STM32G4xx_HAL_Driver/Src/stm32g4xx_hal_tim.o
                0x0000000008006f28                TIM_OC2_SetConfig
 .text.TIM_OC3_SetConfig
                0x000000000800703c      0x110 ./Drivers/STM32G4xx_HAL_Driver/Src/stm32g4xx_hal_tim.o
 .text.TIM_OC4_SetConfig
                0x000000000800714c      0x114 ./Drivers/STM32G4xx_HAL_Driver/Src/stm32g4xx_hal_tim.o
 .text.TIM_OC5_SetConfig
                0x0000000008007260       0xc8 ./Drivers/STM32G4xx_HAL_Driver/Src/stm32g4xx_hal_tim.o
 .text.TIM_OC6_SetConfig
                0x0000000008007328       0xcc ./Drivers/STM32G4xx_HAL_Driver/Src/stm32g4xx_hal_tim.o
 .text.TIM_TI1_ConfigInputStage
                0x00000000080073f4       0x5e ./Drivers/STM32G4xx_HAL_Driver/Src/stm32g4xx_hal_tim.o
 .text.TIM_TI2_ConfigInputStage
                0x0000000008007452       0x60 ./Drivers/STM32G4xx_HAL_Driver/Src/stm32g4xx_hal_tim.o
 .text.TIM_ITRx_SetConfig
                0x00000000080074b2       0x3a ./Drivers/STM32G4xx_HAL_Driver/Src/stm32g4xx_hal_tim.o
 .text.TIM_ETR_SetConfig
                0x00000000080074ec       0x40 ./Drivers/STM32G4xx_HAL_Driver/Src/stm32g4xx_hal_tim.o
                0x00000000080074ec                TIM_ETR_SetConfig
 .text.TIM_CCxChannelCmd
                0x000000000800752c       0x4a ./Drivers/STM32G4xx_HAL_Driver/Src/stm32g4xx_hal_tim.o
                0x000000000800752c                TIM_CCxChannelCmd
 *fill*         0x0000000008007576        0x2 
 .text.HAL_TIMEx_PWMN_Start
                0x0000000008007578      0x168 ./Drivers/STM32G4xx_HAL_Driver/Src/stm32g4xx_hal_tim_ex.o
                0x0000000008007578                HAL_TIMEx_PWMN_Start
 .text.HAL_TIMEx_MasterConfigSynchronization
                0x00000000080076e0      0x104 ./Drivers/STM32G4xx_HAL_Driver/Src/stm32g4xx_hal_tim_ex.o
                0x00000000080076e0                HAL_TIMEx_MasterConfigSynchronization
 .text.HAL_TIMEx_ConfigBreakDeadTime
                0x00000000080077e4      0x118 ./Drivers/STM32G4xx_HAL_Driver/Src/stm32g4xx_hal_tim_ex.o
                0x00000000080077e4                HAL_TIMEx_ConfigBreakDeadTime
 .text.HAL_TIMEx_CommutCallback
                0x00000000080078fc       0x14 ./Drivers/STM32G4xx_HAL_Driver/Src/stm32g4xx_hal_tim_ex.o
                0x00000000080078fc                HAL_TIMEx_CommutCallback
 .text.HAL_TIMEx_BreakCallback
                0x0000000008007910       0x14 ./Drivers/STM32G4xx_HAL_Driver/Src/stm32g4xx_hal_tim_ex.o
                0x0000000008007910                HAL_TIMEx_BreakCallback
 .text.HAL_TIMEx_Break2Callback
                0x0000000008007924       0x14 ./Drivers/STM32G4xx_HAL_Driver/Src/stm32g4xx_hal_tim_ex.o
                0x0000000008007924                HAL_TIMEx_Break2Callback
 .text.HAL_TIMEx_EncoderIndexCallback
                0x0000000008007938       0x14 ./Drivers/STM32G4xx_HAL_Driver/Src/stm32g4xx_hal_tim_ex.o
                0x0000000008007938                HAL_TIMEx_EncoderIndexCallback
 .text.HAL_TIMEx_DirectionChangeCallback
                0x000000000800794c       0x14 ./Drivers/STM32G4xx_HAL_Driver/Src/stm32g4xx_hal_tim_ex.o
                0x000000000800794c                HAL_TIMEx_DirectionChangeCallback
 .text.HAL_TIMEx_IndexErrorCallback
                0x0000000008007960       0x14 ./Drivers/STM32G4xx_HAL_Driver/Src/stm32g4xx_hal_tim_ex.o
                0x0000000008007960                HAL_TIMEx_IndexErrorCallback
 .text.HAL_TIMEx_TransitionErrorCallback
                0x0000000008007974       0x14 ./Drivers/STM32G4xx_HAL_Driver/Src/stm32g4xx_hal_tim_ex.o
                0x0000000008007974                HAL_TIMEx_TransitionErrorCallback
 .text.TIM_CCxNChannelCmd
                0x0000000008007988       0x4a ./Drivers/STM32G4xx_HAL_Driver/Src/stm32g4xx_hal_tim_ex.o
 *fill*         0x00000000080079d2        0x2 
 .text.__errno  0x00000000080079d4        0xc c:/st/stm32cubeide_1.10.1/stm32cubeide/plugins/com.st.stm32cube.ide.mcu.externaltools.gnu-tools-for-stm32.10.3-2021.10.win32_1.0.0.202111181127/tools/bin/../lib/gcc/arm-none-eabi/10.3.1/../../../../arm-none-eabi/lib/thumb/v7e-m+fp/hard\libc_nano.a(lib_a-errno.o)
                0x00000000080079d4                __errno
 .text.__libc_init_array
                0x00000000080079e0       0x48 c:/st/stm32cubeide_1.10.1/stm32cubeide/plugins/com.st.stm32cube.ide.mcu.externaltools.gnu-tools-for-stm32.10.3-2021.10.win32_1.0.0.202111181127/tools/bin/../lib/gcc/arm-none-eabi/10.3.1/../../../../arm-none-eabi/lib/thumb/v7e-m+fp/hard\libc_nano.a(lib_a-init.o)
                0x00000000080079e0                __libc_init_array
 .text.memset   0x0000000008007a28       0x10 c:/st/stm32cubeide_1.10.1/stm32cubeide/plugins/com.st.stm32cube.ide.mcu.externaltools.gnu-tools-for-stm32.10.3-2021.10.win32_1.0.0.202111181127/tools/bin/../lib/gcc/arm-none-eabi/10.3.1/../../../../arm-none-eabi/lib/thumb/v7e-m+fp/hard\libc_nano.a(lib_a-memset.o)
                0x0000000008007a28                memset
 .text.fmodf    0x0000000008007a38       0x40 c:/st/stm32cubeide_1.10.1/stm32cubeide/plugins/com.st.stm32cube.ide.mcu.externaltools.gnu-tools-for-stm32.10.3-2021.10.win32_1.0.0.202111181127/tools/bin/../lib/gcc/arm-none-eabi/10.3.1/../../../../arm-none-eabi/lib/thumb/v7e-m+fp/hard\libm.a(lib_a-wf_fmod.o)
                0x0000000008007a38                fmodf
 .text.__ieee754_fmodf
                0x0000000008007a78      0x104 c:/st/stm32cubeide_1.10.1/stm32cubeide/plugins/com.st.stm32cube.ide.mcu.externaltools.gnu-tools-for-stm32.10.3-2021.10.win32_1.0.0.202111181127/tools/bin/../lib/gcc/arm-none-eabi/10.3.1/../../../../arm-none-eabi/lib/thumb/v7e-m+fp/hard\libm.a(lib_a-ef_fmod.o)
                0x0000000008007a78                __ieee754_fmodf
 *(.glue_7)
 .glue_7        0x0000000008007b7c        0x0 linker stubs
 *(.glue_7t)
 .glue_7t       0x0000000008007b7c        0x0 linker stubs
 *(.eh_frame)
 .eh_frame      0x0000000008007b7c        0x0 c:/st/stm32cubeide_1.10.1/stm32cubeide/plugins/com.st.stm32cube.ide.mcu.externaltools.gnu-tools-for-stm32.10.3-2021.10.win32_1.0.0.202111181127/tools/bin/../lib/gcc/arm-none-eabi/10.3.1/thumb/v7e-m+fp/hard/crtbegin.o
 *(.init)
 .init          0x0000000008007b7c        0x4 c:/st/stm32cubeide_1.10.1/stm32cubeide/plugins/com.st.stm32cube.ide.mcu.externaltools.gnu-tools-for-stm32.10.3-2021.10.win32_1.0.0.202111181127/tools/bin/../lib/gcc/arm-none-eabi/10.3.1/thumb/v7e-m+fp/hard/crti.o
                0x0000000008007b7c                _init
 .init          0x0000000008007b80        0x8 c:/st/stm32cubeide_1.10.1/stm32cubeide/plugins/com.st.stm32cube.ide.mcu.externaltools.gnu-tools-for-stm32.10.3-2021.10.win32_1.0.0.202111181127/tools/bin/../lib/gcc/arm-none-eabi/10.3.1/thumb/v7e-m+fp/hard/crtn.o
 *(.fini)
 .fini          0x0000000008007b88        0x4 c:/st/stm32cubeide_1.10.1/stm32cubeide/plugins/com.st.stm32cube.ide.mcu.externaltools.gnu-tools-for-stm32.10.3-2021.10.win32_1.0.0.202111181127/tools/bin/../lib/gcc/arm-none-eabi/10.3.1/thumb/v7e-m+fp/hard/crti.o
                0x0000000008007b88                _fini
 .fini          0x0000000008007b8c        0x8 c:/st/stm32cubeide_1.10.1/stm32cubeide/plugins/com.st.stm32cube.ide.mcu.externaltools.gnu-tools-for-stm32.10.3-2021.10.win32_1.0.0.202111181127/tools/bin/../lib/gcc/arm-none-eabi/10.3.1/thumb/v7e-m+fp/hard/crtn.o
                0x0000000008007b94                . = ALIGN (0x4)
                0x0000000008007b94                _etext = .

.vfp11_veneer   0x0000000008007b94        0x0
 .vfp11_veneer  0x0000000008007b94        0x0 linker stubs

.v4_bx          0x0000000008007b94        0x0
 .v4_bx         0x0000000008007b94        0x0 linker stubs

.iplt           0x0000000008007b94        0x0
 .iplt          0x0000000008007b94        0x0 c:/st/stm32cubeide_1.10.1/stm32cubeide/plugins/com.st.stm32cube.ide.mcu.externaltools.gnu-tools-for-stm32.10.3-2021.10.win32_1.0.0.202111181127/tools/bin/../lib/gcc/arm-none-eabi/10.3.1/thumb/v7e-m+fp/hard/crtbegin.o

.rodata         0x0000000008007b94      0x818
                0x0000000008007b94                . = ALIGN (0x4)
 *(.rodata)
 *(.rodata*)
 .rodata.sin_tab
                0x0000000008007b94      0x800 ./Core/Src/maths.o
                0x0000000008007b94                sin_tab
 .rodata.AHBPrescTable
                0x0000000008008394       0x10 ./Core/Src/system_stm32g4xx.o
                0x0000000008008394                AHBPrescTable
 .rodata.Zero   0x00000000080083a4        0x8 c:/st/stm32cubeide_1.10.1/stm32cubeide/plugins/com.st.stm32cube.ide.mcu.externaltools.gnu-tools-for-stm32.10.3-2021.10.win32_1.0.0.202111181127/tools/bin/../lib/gcc/arm-none-eabi/10.3.1/../../../../arm-none-eabi/lib/thumb/v7e-m+fp/hard\libm.a(lib_a-ef_fmod.o)
                0x00000000080083ac                . = ALIGN (0x4)

.rel.dyn        0x00000000080083ac        0x0
 .rel.iplt      0x00000000080083ac        0x0 c:/st/stm32cubeide_1.10.1/stm32cubeide/plugins/com.st.stm32cube.ide.mcu.externaltools.gnu-tools-for-stm32.10.3-2021.10.win32_1.0.0.202111181127/tools/bin/../lib/gcc/arm-none-eabi/10.3.1/thumb/v7e-m+fp/hard/crtbegin.o

.ARM.extab      0x00000000080083ac        0x0
                0x00000000080083ac                . = ALIGN (0x4)
 *(.ARM.extab* .gnu.linkonce.armextab.*)
                0x00000000080083ac                . = ALIGN (0x4)

.ARM            0x00000000080083ac        0x0
                0x00000000080083ac                . = ALIGN (0x4)
                0x00000000080083ac                __exidx_start = .
 *(.ARM.exidx*)
                0x00000000080083ac                __exidx_end = .
                0x00000000080083ac                . = ALIGN (0x4)

.preinit_array  0x00000000080083ac        0x0
                0x00000000080083ac                . = ALIGN (0x4)
                0x00000000080083ac                PROVIDE (__preinit_array_start = .)
 *(.preinit_array*)
                0x00000000080083ac                PROVIDE (__preinit_array_end = .)
                0x00000000080083ac                . = ALIGN (0x4)

.init_array     0x00000000080083ac        0x4
                0x00000000080083ac                . = ALIGN (0x4)
                0x00000000080083ac                PROVIDE (__init_array_start = .)
 *(SORT_BY_NAME(.init_array.*))
 *(.init_array*)
 .init_array    0x00000000080083ac        0x4 c:/st/stm32cubeide_1.10.1/stm32cubeide/plugins/com.st.stm32cube.ide.mcu.externaltools.gnu-tools-for-stm32.10.3-2021.10.win32_1.0.0.202111181127/tools/bin/../lib/gcc/arm-none-eabi/10.3.1/thumb/v7e-m+fp/hard/crtbegin.o
                0x00000000080083b0                PROVIDE (__init_array_end = .)
                0x00000000080083b0                . = ALIGN (0x4)

.fini_array     0x00000000080083b0        0x4
                0x00000000080083b0                . = ALIGN (0x4)
                [!provide]                        PROVIDE (__fini_array_start = .)
 *(SORT_BY_NAME(.fini_array.*))
 *(.fini_array*)
 .fini_array    0x00000000080083b0        0x4 c:/st/stm32cubeide_1.10.1/stm32cubeide/plugins/com.st.stm32cube.ide.mcu.externaltools.gnu-tools-for-stm32.10.3-2021.10.win32_1.0.0.202111181127/tools/bin/../lib/gcc/arm-none-eabi/10.3.1/thumb/v7e-m+fp/hard/crtbegin.o
                [!provide]                        PROVIDE (__fini_array_end = .)
                0x00000000080083b4                . = ALIGN (0x4)
                0x00000000080083b4                _sidata = LOADADDR (.data)

.data           0x0000000020000000       0x70 load address 0x00000000080083b4
                0x0000000020000000                . = ALIGN (0x4)
                0x0000000020000000                _sdata = .
 *(.data)
 *(.data*)
 .data.SystemCoreClock
                0x0000000020000000        0x4 ./Core/Src/system_stm32g4xx.o
                0x0000000020000000                SystemCoreClock
 .data.uwTickPrio
                0x0000000020000004        0x4 ./Drivers/STM32G4xx_HAL_Driver/Src/stm32g4xx_hal.o
                0x0000000020000004                uwTickPrio
 .data.uwTickFreq
                0x0000000020000008        0x4 ./Drivers/STM32G4xx_HAL_Driver/Src/stm32g4xx_hal.o
                0x0000000020000008                uwTickFreq
 .data._impure_ptr
                0x000000002000000c        0x4 c:/st/stm32cubeide_1.10.1/stm32cubeide/plugins/com.st.stm32cube.ide.mcu.externaltools.gnu-tools-for-stm32.10.3-2021.10.win32_1.0.0.202111181127/tools/bin/../lib/gcc/arm-none-eabi/10.3.1/../../../../arm-none-eabi/lib/thumb/v7e-m+fp/hard\libc_nano.a(lib_a-impure.o)
                0x000000002000000c                _impure_ptr
 .data.impure_data
                0x0000000020000010       0x60 c:/st/stm32cubeide_1.10.1/stm32cubeide/plugins/com.st.stm32cube.ide.mcu.externaltools.gnu-tools-for-stm32.10.3-2021.10.win32_1.0.0.202111181127/tools/bin/../lib/gcc/arm-none-eabi/10.3.1/../../../../arm-none-eabi/lib/thumb/v7e-m+fp/hard\libc_nano.a(lib_a-impure.o)
 *(.RamFunc)
 *(.RamFunc*)
                0x0000000020000070                . = ALIGN (0x4)
                0x0000000020000070                _edata = .

.igot.plt       0x0000000020000070        0x0 load address 0x0000000008008424
 .igot.plt      0x0000000020000070        0x0 c:/st/stm32cubeide_1.10.1/stm32cubeide/plugins/com.st.stm32cube.ide.mcu.externaltools.gnu-tools-for-stm32.10.3-2021.10.win32_1.0.0.202111181127/tools/bin/../lib/gcc/arm-none-eabi/10.3.1/thumb/v7e-m+fp/hard/crtbegin.o
                0x0000000020000070                . = ALIGN (0x4)

.bss            0x0000000020000070      0x480 load address 0x0000000008008424
                0x0000000020000070                _sbss = .
                0x0000000020000070                __bss_start__ = _sbss
 *(.bss)
 .bss           0x0000000020000070       0x1c c:/st/stm32cubeide_1.10.1/stm32cubeide/plugins/com.st.stm32cube.ide.mcu.externaltools.gnu-tools-for-stm32.10.3-2021.10.win32_1.0.0.202111181127/tools/bin/../lib/gcc/arm-none-eabi/10.3.1/thumb/v7e-m+fp/hard/crtbegin.o
 *(.bss*)
 .bss.hadc1     0x000000002000008c       0x6c ./Core/Src/adc.o
                0x000000002000008c                hadc1
 .bss.hadc2     0x00000000200000f8       0x6c ./Core/Src/adc.o
                0x00000000200000f8                hadc2
 .bss.hdma_adc1
                0x0000000020000164       0x60 ./Core/Src/adc.o
                0x0000000020000164                hdma_adc1
 .bss.hdma_adc2
                0x00000000200001c4       0x60 ./Core/Src/adc.o
                0x00000000200001c4                hdma_adc2
 .bss.HAL_RCC_ADC12_CLK_ENABLED
                0x0000000020000224        0x4 ./Core/Src/adc.o
 .bss.hfdcan1   0x0000000020000228       0x64 ./Core/Src/fdcan.o
                0x0000000020000228                hfdcan1
 .bss.AMT_struct
                0x000000002000028c       0x14 ./Core/Src/main.o
                0x000000002000028c                AMT_struct
 .bss.can_tx    0x00000000200002a0       0x2c ./Core/Src/main.o
                0x00000000200002a0                can_tx
 .bss.can_rx    0x00000000200002cc       0x4c ./Core/Src/main.o
                0x00000000200002cc                can_rx
 .bss.controller
                0x0000000020000318       0x24 ./Core/Src/main.o
                0x0000000020000318                controller
 .bss.hopamp1   0x000000002000033c       0x3c ./Core/Src/opamp.o
                0x000000002000033c                hopamp1
 .bss.hopamp2   0x0000000020000378       0x3c ./Core/Src/opamp.o
                0x0000000020000378                hopamp2
 .bss.hopamp3   0x00000000200003b4       0x3c ./Core/Src/opamp.o
                0x00000000200003b4                hopamp3
 .bss.hspi1     0x00000000200003f0       0x64 ./Core/Src/spi.o
                0x00000000200003f0                hspi1
 .bss.htim1     0x0000000020000454       0x4c ./Core/Src/tim.o
                0x0000000020000454                htim1
 .bss.htim2     0x00000000200004a0       0x4c ./Core/Src/tim.o
                0x00000000200004a0                htim2
 .bss.uwTick    0x00000000200004ec        0x4 ./Drivers/STM32G4xx_HAL_Driver/Src/stm32g4xx_hal.o
                0x00000000200004ec                uwTick
 *(COMMON)
                0x00000000200004f0                . = ALIGN (0x4)
                0x00000000200004f0                _ebss = .
                0x00000000200004f0                __bss_end__ = _ebss

._user_heap_stack
                0x00000000200004f0      0x600 load address 0x0000000008008424
                0x00000000200004f0                . = ALIGN (0x8)
                [!provide]                        PROVIDE (end = .)
                0x00000000200004f0                PROVIDE (_end = .)
                0x00000000200006f0                . = (. + _Min_Heap_Size)
 *fill*         0x00000000200004f0      0x200 
                0x0000000020000af0                . = (. + _Min_Stack_Size)
 *fill*         0x00000000200006f0      0x400 
                0x0000000020000af0                . = ALIGN (0x8)

/DISCARD/
 libc.a(*)
 libm.a(*)
 libgcc.a(*)

.ARM.attributes
                0x0000000000000000       0x30
 *(.ARM.attributes)
 .ARM.attributes
                0x0000000000000000       0x1e c:/st/stm32cubeide_1.10.1/stm32cubeide/plugins/com.st.stm32cube.ide.mcu.externaltools.gnu-tools-for-stm32.10.3-2021.10.win32_1.0.0.202111181127/tools/bin/../lib/gcc/arm-none-eabi/10.3.1/thumb/v7e-m+fp/hard/crti.o
 .ARM.attributes
                0x000000000000001e       0x34 c:/st/stm32cubeide_1.10.1/stm32cubeide/plugins/com.st.stm32cube.ide.mcu.externaltools.gnu-tools-for-stm32.10.3-2021.10.win32_1.0.0.202111181127/tools/bin/../lib/gcc/arm-none-eabi/10.3.1/thumb/v7e-m+fp/hard/crtbegin.o
 .ARM.attributes
                0x0000000000000052       0x34 ./Core/Src/adc.o
 .ARM.attributes
                0x0000000000000086       0x34 ./Core/Src/analog_sample.o
 .ARM.attributes
                0x00000000000000ba       0x34 ./Core/Src/dma.o
 .ARM.attributes
                0x00000000000000ee       0x34 ./Core/Src/fdcan.o
 .ARM.attributes
                0x0000000000000122       0x34 ./Core/Src/foc.o
 .ARM.attributes
                0x0000000000000156       0x34 ./Core/Src/gpio.o
 .ARM.attributes
                0x000000000000018a       0x34 ./Core/Src/main.o
 .ARM.attributes
                0x00000000000001be       0x34 ./Core/Src/maths.o
 .ARM.attributes
                0x00000000000001f2       0x34 ./Core/Src/opamp.o
 .ARM.attributes
                0x0000000000000226       0x34 ./Core/Src/spi.o
 .ARM.attributes
                0x000000000000025a       0x34 ./Core/Src/stm32g4xx_hal_msp.o
 .ARM.attributes
                0x000000000000028e       0x34 ./Core/Src/stm32g4xx_it.o
 .ARM.attributes
                0x00000000000002c2       0x34 ./Core/Src/system_stm32g4xx.o
 .ARM.attributes
                0x00000000000002f6       0x34 ./Core/Src/tim.o
 .ARM.attributes
                0x000000000000032a       0x21 ./Core/Startup/startup_stm32g431cbux.o
 .ARM.attributes
                0x000000000000034b       0x34 ./Drivers/STM32G4xx_HAL_Driver/Src/stm32g4xx_hal.o
 .ARM.attributes
                0x000000000000037f       0x34 ./Drivers/STM32G4xx_HAL_Driver/Src/stm32g4xx_hal_adc.o
 .ARM.attributes
                0x00000000000003b3       0x34 ./Drivers/STM32G4xx_HAL_Driver/Src/stm32g4xx_hal_adc_ex.o
 .ARM.attributes
                0x00000000000003e7       0x34 ./Drivers/STM32G4xx_HAL_Driver/Src/stm32g4xx_hal_cortex.o
 .ARM.attributes
                0x000000000000041b       0x34 ./Drivers/STM32G4xx_HAL_Driver/Src/stm32g4xx_hal_dma.o
 .ARM.attributes
                0x000000000000044f       0x34 ./Drivers/STM32G4xx_HAL_Driver/Src/stm32g4xx_hal_fdcan.o
 .ARM.attributes
                0x0000000000000483       0x34 ./Drivers/STM32G4xx_HAL_Driver/Src/stm32g4xx_hal_gpio.o
 .ARM.attributes
                0x00000000000004b7       0x34 ./Drivers/STM32G4xx_HAL_Driver/Src/stm32g4xx_hal_opamp.o
 .ARM.attributes
                0x00000000000004eb       0x34 ./Drivers/STM32G4xx_HAL_Driver/Src/stm32g4xx_hal_pwr_ex.o
 .ARM.attributes
                0x000000000000051f       0x34 ./Drivers/STM32G4xx_HAL_Driver/Src/stm32g4xx_hal_rcc.o
 .ARM.attributes
                0x0000000000000553       0x34 ./Drivers/STM32G4xx_HAL_Driver/Src/stm32g4xx_hal_rcc_ex.o
 .ARM.attributes
                0x0000000000000587       0x34 ./Drivers/STM32G4xx_HAL_Driver/Src/stm32g4xx_hal_spi.o
 .ARM.attributes
                0x00000000000005bb       0x34 ./Drivers/STM32G4xx_HAL_Driver/Src/stm32g4xx_hal_tim.o
 .ARM.attributes
                0x00000000000005ef       0x34 ./Drivers/STM32G4xx_HAL_Driver/Src/stm32g4xx_hal_tim_ex.o
 .ARM.attributes
                0x0000000000000623       0x34 c:/st/stm32cubeide_1.10.1/stm32cubeide/plugins/com.st.stm32cube.ide.mcu.externaltools.gnu-tools-for-stm32.10.3-2021.10.win32_1.0.0.202111181127/tools/bin/../lib/gcc/arm-none-eabi/10.3.1/../../../../arm-none-eabi/lib/thumb/v7e-m+fp/hard\libc_nano.a(lib_a-errno.o)
 .ARM.attributes
                0x0000000000000657       0x34 c:/st/stm32cubeide_1.10.1/stm32cubeide/plugins/com.st.stm32cube.ide.mcu.externaltools.gnu-tools-for-stm32.10.3-2021.10.win32_1.0.0.202111181127/tools/bin/../lib/gcc/arm-none-eabi/10.3.1/../../../../arm-none-eabi/lib/thumb/v7e-m+fp/hard\libc_nano.a(lib_a-impure.o)
 .ARM.attributes
                0x000000000000068b       0x34 c:/st/stm32cubeide_1.10.1/stm32cubeide/plugins/com.st.stm32cube.ide.mcu.externaltools.gnu-tools-for-stm32.10.3-2021.10.win32_1.0.0.202111181127/tools/bin/../lib/gcc/arm-none-eabi/10.3.1/../../../../arm-none-eabi/lib/thumb/v7e-m+fp/hard\libc_nano.a(lib_a-init.o)
 .ARM.attributes
                0x00000000000006bf       0x34 c:/st/stm32cubeide_1.10.1/stm32cubeide/plugins/com.st.stm32cube.ide.mcu.externaltools.gnu-tools-for-stm32.10.3-2021.10.win32_1.0.0.202111181127/tools/bin/../lib/gcc/arm-none-eabi/10.3.1/../../../../arm-none-eabi/lib/thumb/v7e-m+fp/hard\libc_nano.a(lib_a-memset.o)
 .ARM.attributes
                0x00000000000006f3       0x34 c:/st/stm32cubeide_1.10.1/stm32cubeide/plugins/com.st.stm32cube.ide.mcu.externaltools.gnu-tools-for-stm32.10.3-2021.10.win32_1.0.0.202111181127/tools/bin/../lib/gcc/arm-none-eabi/10.3.1/../../../../arm-none-eabi/lib/thumb/v7e-m+fp/hard\libm.a(lib_a-wf_fmod.o)
 .ARM.attributes
                0x0000000000000727       0x34 c:/st/stm32cubeide_1.10.1/stm32cubeide/plugins/com.st.stm32cube.ide.mcu.externaltools.gnu-tools-for-stm32.10.3-2021.10.win32_1.0.0.202111181127/tools/bin/../lib/gcc/arm-none-eabi/10.3.1/../../../../arm-none-eabi/lib/thumb/v7e-m+fp/hard\libm.a(lib_a-ef_fmod.o)
 .ARM.attributes
                0x000000000000075b       0x1e c:/st/stm32cubeide_1.10.1/stm32cubeide/plugins/com.st.stm32cube.ide.mcu.externaltools.gnu-tools-for-stm32.10.3-2021.10.win32_1.0.0.202111181127/tools/bin/../lib/gcc/arm-none-eabi/10.3.1/thumb/v7e-m+fp/hard\libgcc.a(_arm_muldf3.o)
 .ARM.attributes
                0x0000000000000779       0x1e c:/st/stm32cubeide_1.10.1/stm32cubeide/plugins/com.st.stm32cube.ide.mcu.externaltools.gnu-tools-for-stm32.10.3-2021.10.win32_1.0.0.202111181127/tools/bin/../lib/gcc/arm-none-eabi/10.3.1/thumb/v7e-m+fp/hard\libgcc.a(_arm_addsubdf3.o)
 .ARM.attributes
                0x0000000000000797       0x1e c:/st/stm32cubeide_1.10.1/stm32cubeide/plugins/com.st.stm32cube.ide.mcu.externaltools.gnu-tools-for-stm32.10.3-2021.10.win32_1.0.0.202111181127/tools/bin/../lib/gcc/arm-none-eabi/10.3.1/thumb/v7e-m+fp/hard\libgcc.a(_arm_truncdfsf2.o)
 .ARM.attributes
                0x00000000000007b5       0x1e c:/st/stm32cubeide_1.10.1/stm32cubeide/plugins/com.st.stm32cube.ide.mcu.externaltools.gnu-tools-for-stm32.10.3-2021.10.win32_1.0.0.202111181127/tools/bin/../lib/gcc/arm-none-eabi/10.3.1/thumb/v7e-m+fp/hard/crtn.o
OUTPUT(g4 dev.elf elf32-littlearm)
LOAD linker stubs
LOAD c:/st/stm32cubeide_1.10.1/stm32cubeide/plugins/com.st.stm32cube.ide.mcu.externaltools.gnu-tools-for-stm32.10.3-2021.10.win32_1.0.0.202111181127/tools/bin/../lib/gcc/arm-none-eabi/10.3.1/../../../../arm-none-eabi/lib/thumb/v7e-m+fp/hard\libc.a
LOAD c:/st/stm32cubeide_1.10.1/stm32cubeide/plugins/com.st.stm32cube.ide.mcu.externaltools.gnu-tools-for-stm32.10.3-2021.10.win32_1.0.0.202111181127/tools/bin/../lib/gcc/arm-none-eabi/10.3.1/../../../../arm-none-eabi/lib/thumb/v7e-m+fp/hard\libm.a
LOAD c:/st/stm32cubeide_1.10.1/stm32cubeide/plugins/com.st.stm32cube.ide.mcu.externaltools.gnu-tools-for-stm32.10.3-2021.10.win32_1.0.0.202111181127/tools/bin/../lib/gcc/arm-none-eabi/10.3.1/thumb/v7e-m+fp/hard\libgcc.a

.debug_info     0x0000000000000000    0x1afdc
 .debug_info    0x0000000000000000     0x1040 ./Core/Src/adc.o
 .debug_info    0x0000000000001040      0xde4 ./Core/Src/analog_sample.o
 .debug_info    0x0000000000001e24      0x549 ./Core/Src/dma.o
 .debug_info    0x000000000000236d      0xe8b ./Core/Src/fdcan.o
 .debug_info    0x00000000000031f8      0xa9f ./Core/Src/foc.o
 .debug_info    0x0000000000003c97      0x4fd ./Core/Src/gpio.o
 .debug_info    0x0000000000004194     0x154e ./Core/Src/main.o
 .debug_info    0x00000000000056e2      0x213 ./Core/Src/maths.o
 .debug_info    0x00000000000058f5      0x7c8 ./Core/Src/opamp.o
 .debug_info    0x00000000000060bd      0xb7d ./Core/Src/spi.o
 .debug_info    0x0000000000006c3a      0x324 ./Core/Src/stm32g4xx_hal_msp.o
 .debug_info    0x0000000000006f5e     0x1331 ./Core/Src/stm32g4xx_it.o
 .debug_info    0x000000000000828f      0x59f ./Core/Src/system_stm32g4xx.o
 .debug_info    0x000000000000882e     0x1263 ./Core/Src/tim.o
 .debug_info    0x0000000000009a91       0x22 ./Core/Startup/startup_stm32g431cbux.o
 .debug_info    0x0000000000009ab3      0xb28 ./Drivers/STM32G4xx_HAL_Driver/Src/stm32g4xx_hal.o
 .debug_info    0x000000000000a5db     0x2166 ./Drivers/STM32G4xx_HAL_Driver/Src/stm32g4xx_hal_adc.o
 .debug_info    0x000000000000c741     0x1e65 ./Drivers/STM32G4xx_HAL_Driver/Src/stm32g4xx_hal_adc_ex.o
 .debug_info    0x000000000000e5a6      0xdc4 ./Drivers/STM32G4xx_HAL_Driver/Src/stm32g4xx_hal_cortex.o
 .debug_info    0x000000000000f36a      0x8ee ./Drivers/STM32G4xx_HAL_Driver/Src/stm32g4xx_hal_dma.o
 .debug_info    0x000000000000fc58     0x19bb ./Drivers/STM32G4xx_HAL_Driver/Src/stm32g4xx_hal_fdcan.o
 .debug_info    0x0000000000011613      0x82f ./Drivers/STM32G4xx_HAL_Driver/Src/stm32g4xx_hal_gpio.o
 .debug_info    0x0000000000011e42      0x814 ./Drivers/STM32G4xx_HAL_Driver/Src/stm32g4xx_hal_opamp.o
 .debug_info    0x0000000000012656      0x983 ./Drivers/STM32G4xx_HAL_Driver/Src/stm32g4xx_hal_pwr_ex.o
 .debug_info    0x0000000000012fd9      0xc53 ./Drivers/STM32G4xx_HAL_Driver/Src/stm32g4xx_hal_rcc.o
 .debug_info    0x0000000000013c2c      0xcfe ./Drivers/STM32G4xx_HAL_Driver/Src/stm32g4xx_hal_rcc_ex.o
 .debug_info    0x000000000001492a     0x18b8 ./Drivers/STM32G4xx_HAL_Driver/Src/stm32g4xx_hal_spi.o
 .debug_info    0x00000000000161e2     0x2edc ./Drivers/STM32G4xx_HAL_Driver/Src/stm32g4xx_hal_tim.o
 .debug_info    0x00000000000190be     0x1f1e ./Drivers/STM32G4xx_HAL_Driver/Src/stm32g4xx_hal_tim_ex.o

.debug_abbrev   0x0000000000000000     0x3921
 .debug_abbrev  0x0000000000000000      0x227 ./Core/Src/adc.o
 .debug_abbrev  0x0000000000000227      0x1c7 ./Core/Src/analog_sample.o
 .debug_abbrev  0x00000000000003ee      0x103 ./Core/Src/dma.o
 .debug_abbrev  0x00000000000004f1      0x1f3 ./Core/Src/fdcan.o
 .debug_abbrev  0x00000000000006e4      0x1fd ./Core/Src/foc.o
 .debug_abbrev  0x00000000000008e1      0x146 ./Core/Src/gpio.o
 .debug_abbrev  0x0000000000000a27      0x2b6 ./Core/Src/main.o
 .debug_abbrev  0x0000000000000cdd       0xf1 ./Core/Src/maths.o
 .debug_abbrev  0x0000000000000dce      0x1bf ./Core/Src/opamp.o
 .debug_abbrev  0x0000000000000f8d      0x1e0 ./Core/Src/spi.o
 .debug_abbrev  0x000000000000116d       0xc2 ./Core/Src/stm32g4xx_hal_msp.o
 .debug_abbrev  0x000000000000122f      0x2bc ./Core/Src/stm32g4xx_it.o
 .debug_abbrev  0x00000000000014eb      0x116 ./Core/Src/system_stm32g4xx.o
 .debug_abbrev  0x0000000000001601      0x234 ./Core/Src/tim.o
 .debug_abbrev  0x0000000000001835       0x12 ./Core/Startup/startup_stm32g431cbux.o
 .debug_abbrev  0x0000000000001847      0x269 ./Drivers/STM32G4xx_HAL_Driver/Src/stm32g4xx_hal.o
 .debug_abbrev  0x0000000000001ab0      0x2bf ./Drivers/STM32G4xx_HAL_Driver/Src/stm32g4xx_hal_adc.o
 .debug_abbrev  0x0000000000001d6f      0x2da ./Drivers/STM32G4xx_HAL_Driver/Src/stm32g4xx_hal_adc_ex.o
 .debug_abbrev  0x0000000000002049      0x30d ./Drivers/STM32G4xx_HAL_Driver/Src/stm32g4xx_hal_cortex.o
 .debug_abbrev  0x0000000000002356      0x1d7 ./Drivers/STM32G4xx_HAL_Driver/Src/stm32g4xx_hal_dma.o
 .debug_abbrev  0x000000000000252d      0x1dc ./Drivers/STM32G4xx_HAL_Driver/Src/stm32g4xx_hal_fdcan.o
 .debug_abbrev  0x0000000000002709      0x1bb ./Drivers/STM32G4xx_HAL_Driver/Src/stm32g4xx_hal_gpio.o
 .debug_abbrev  0x00000000000028c4      0x195 ./Drivers/STM32G4xx_HAL_Driver/Src/stm32g4xx_hal_opamp.o
 .debug_abbrev  0x0000000000002a59      0x229 ./Drivers/STM32G4xx_HAL_Driver/Src/stm32g4xx_hal_pwr_ex.o
 .debug_abbrev  0x0000000000002c82      0x2bd ./Drivers/STM32G4xx_HAL_Driver/Src/stm32g4xx_hal_rcc.o
 .debug_abbrev  0x0000000000002f3f      0x247 ./Drivers/STM32G4xx_HAL_Driver/Src/stm32g4xx_hal_rcc_ex.o
 .debug_abbrev  0x0000000000003186      0x254 ./Drivers/STM32G4xx_HAL_Driver/Src/stm32g4xx_hal_spi.o
 .debug_abbrev  0x00000000000033da      0x295 ./Drivers/STM32G4xx_HAL_Driver/Src/stm32g4xx_hal_tim.o
 .debug_abbrev  0x000000000000366f      0x2b2 ./Drivers/STM32G4xx_HAL_Driver/Src/stm32g4xx_hal_tim_ex.o

.debug_aranges  0x0000000000000000     0x1778
 .debug_aranges
                0x0000000000000000       0x38 ./Core/Src/adc.o
 .debug_aranges
                0x0000000000000038       0x28 ./Core/Src/analog_sample.o
 .debug_aranges
                0x0000000000000060       0x20 ./Core/Src/dma.o
 .debug_aranges
                0x0000000000000080       0x48 ./Core/Src/fdcan.o
 .debug_aranges
                0x00000000000000c8       0x30 ./Core/Src/foc.o
 .debug_aranges
                0x00000000000000f8       0x20 ./Core/Src/gpio.o
 .debug_aranges
                0x0000000000000118       0x30 ./Core/Src/main.o
 .debug_aranges
                0x0000000000000148       0x48 ./Core/Src/maths.o
 .debug_aranges
                0x0000000000000190       0x40 ./Core/Src/opamp.o
 .debug_aranges
                0x00000000000001d0       0x30 ./Core/Src/spi.o
 .debug_aranges
                0x0000000000000200       0x20 ./Core/Src/stm32g4xx_hal_msp.o
 .debug_aranges
                0x0000000000000220       0x80 ./Core/Src/stm32g4xx_it.o
 .debug_aranges
                0x00000000000002a0       0x28 ./Core/Src/system_stm32g4xx.o
 .debug_aranges
                0x00000000000002c8       0x40 ./Core/Src/tim.o
 .debug_aranges
                0x0000000000000308       0x28 ./Core/Startup/startup_stm32g431cbux.o
 .debug_aranges
                0x0000000000000330      0x148 ./Drivers/STM32G4xx_HAL_Driver/Src/stm32g4xx_hal.o
 .debug_aranges
                0x0000000000000478      0x248 ./Drivers/STM32G4xx_HAL_Driver/Src/stm32g4xx_hal_adc.o
 .debug_aranges
                0x00000000000006c0      0x1c0 ./Drivers/STM32G4xx_HAL_Driver/Src/stm32g4xx_hal_adc_ex.o
 .debug_aranges
                0x0000000000000880      0x118 ./Drivers/STM32G4xx_HAL_Driver/Src/stm32g4xx_hal_cortex.o
 .debug_aranges
                0x0000000000000998       0x90 ./Drivers/STM32G4xx_HAL_Driver/Src/stm32g4xx_hal_dma.o
 .debug_aranges
                0x0000000000000a28      0x208 ./Drivers/STM32G4xx_HAL_Driver/Src/stm32g4xx_hal_fdcan.o
 .debug_aranges
                0x0000000000000c30       0x58 ./Drivers/STM32G4xx_HAL_Driver/Src/stm32g4xx_hal_gpio.o
 .debug_aranges
                0x0000000000000c88       0x70 ./Drivers/STM32G4xx_HAL_Driver/Src/stm32g4xx_hal_opamp.o
 .debug_aranges
                0x0000000000000cf8      0x140 ./Drivers/STM32G4xx_HAL_Driver/Src/stm32g4xx_hal_pwr_ex.o
 .debug_aranges
                0x0000000000000e38       0x98 ./Drivers/STM32G4xx_HAL_Driver/Src/stm32g4xx_hal_rcc.o
 .debug_aranges
                0x0000000000000ed0       0xb0 ./Drivers/STM32G4xx_HAL_Driver/Src/stm32g4xx_hal_rcc_ex.o
 .debug_aranges
                0x0000000000000f80      0x1d8 ./Drivers/STM32G4xx_HAL_Driver/Src/stm32g4xx_hal_spi.o
 .debug_aranges
                0x0000000000001158      0x3e0 ./Drivers/STM32G4xx_HAL_Driver/Src/stm32g4xx_hal_tim.o
 .debug_aranges
                0x0000000000001538      0x240 ./Drivers/STM32G4xx_HAL_Driver/Src/stm32g4xx_hal_tim_ex.o

.debug_ranges   0x0000000000000000     0x15b0
 .debug_ranges  0x0000000000000000       0x28 ./Core/Src/adc.o
 .debug_ranges  0x0000000000000028       0x18 ./Core/Src/analog_sample.o
 .debug_ranges  0x0000000000000040       0x10 ./Core/Src/dma.o
 .debug_ranges  0x0000000000000050       0x38 ./Core/Src/fdcan.o
 .debug_ranges  0x0000000000000088       0x20 ./Core/Src/foc.o
 .debug_ranges  0x00000000000000a8       0x10 ./Core/Src/gpio.o
 .debug_ranges  0x00000000000000b8       0x20 ./Core/Src/main.o
 .debug_ranges  0x00000000000000d8       0x38 ./Core/Src/maths.o
 .debug_ranges  0x0000000000000110       0x30 ./Core/Src/opamp.o
 .debug_ranges  0x0000000000000140       0x20 ./Core/Src/spi.o
 .debug_ranges  0x0000000000000160       0x10 ./Core/Src/stm32g4xx_hal_msp.o
 .debug_ranges  0x0000000000000170       0x70 ./Core/Src/stm32g4xx_it.o
 .debug_ranges  0x00000000000001e0       0x18 ./Core/Src/system_stm32g4xx.o
 .debug_ranges  0x00000000000001f8       0x30 ./Core/Src/tim.o
 .debug_ranges  0x0000000000000228       0x20 ./Core/Startup/startup_stm32g431cbux.o
 .debug_ranges  0x0000000000000248      0x138 ./Drivers/STM32G4xx_HAL_Driver/Src/stm32g4xx_hal.o
 .debug_ranges  0x0000000000000380      0x238 ./Drivers/STM32G4xx_HAL_Driver/Src/stm32g4xx_hal_adc.o
 .debug_ranges  0x00000000000005b8      0x1b0 ./Drivers/STM32G4xx_HAL_Driver/Src/stm32g4xx_hal_adc_ex.o
 .debug_ranges  0x0000000000000768      0x108 ./Drivers/STM32G4xx_HAL_Driver/Src/stm32g4xx_hal_cortex.o
 .debug_ranges  0x0000000000000870       0x80 ./Drivers/STM32G4xx_HAL_Driver/Src/stm32g4xx_hal_dma.o
 .debug_ranges  0x00000000000008f0      0x1f8 ./Drivers/STM32G4xx_HAL_Driver/Src/stm32g4xx_hal_fdcan.o
 .debug_ranges  0x0000000000000ae8       0x48 ./Drivers/STM32G4xx_HAL_Driver/Src/stm32g4xx_hal_gpio.o
 .debug_ranges  0x0000000000000b30       0x60 ./Drivers/STM32G4xx_HAL_Driver/Src/stm32g4xx_hal_opamp.o
 .debug_ranges  0x0000000000000b90      0x130 ./Drivers/STM32G4xx_HAL_Driver/Src/stm32g4xx_hal_pwr_ex.o
 .debug_ranges  0x0000000000000cc0       0x88 ./Drivers/STM32G4xx_HAL_Driver/Src/stm32g4xx_hal_rcc.o
 .debug_ranges  0x0000000000000d48       0xa0 ./Drivers/STM32G4xx_HAL_Driver/Src/stm32g4xx_hal_rcc_ex.o
 .debug_ranges  0x0000000000000de8      0x1c8 ./Drivers/STM32G4xx_HAL_Driver/Src/stm32g4xx_hal_spi.o
 .debug_ranges  0x0000000000000fb0      0x3d0 ./Drivers/STM32G4xx_HAL_Driver/Src/stm32g4xx_hal_tim.o
 .debug_ranges  0x0000000000001380      0x230 ./Drivers/STM32G4xx_HAL_Driver/Src/stm32g4xx_hal_tim_ex.o

.debug_macro    0x0000000000000000    0x22aae
 .debug_macro   0x0000000000000000      0x225 ./Core/Src/adc.o
 .debug_macro   0x0000000000000225      0xa78 ./Core/Src/adc.o
 .debug_macro   0x0000000000000c9d      0x16d ./Core/Src/adc.o
 .debug_macro   0x0000000000000e0a       0x2e ./Core/Src/adc.o
 .debug_macro   0x0000000000000e38       0x28 ./Core/Src/adc.o
 .debug_macro   0x0000000000000e60       0x22 ./Core/Src/adc.o
 .debug_macro   0x0000000000000e82       0x8e ./Core/Src/adc.o
 .debug_macro   0x0000000000000f10       0x51 ./Core/Src/adc.o
 .debug_macro   0x0000000000000f61      0x103 ./Core/Src/adc.o
 .debug_macro   0x0000000000001064       0x6a ./Core/Src/adc.o
 .debug_macro   0x00000000000010ce      0x1df ./Core/Src/adc.o
 .debug_macro   0x00000000000012ad       0x1c ./Core/Src/adc.o
 .debug_macro   0x00000000000012c9       0x22 ./Core/Src/adc.o
 .debug_macro   0x00000000000012eb       0xfb ./Core/Src/adc.o
 .debug_macro   0x00000000000013e6     0x1011 ./Core/Src/adc.o
 .debug_macro   0x00000000000023f7      0x11f ./Core/Src/adc.o
 .debug_macro   0x0000000000002516    0x11350 ./Core/Src/adc.o
 .debug_macro   0x0000000000013866       0x6d ./Core/Src/adc.o
 .debug_macro   0x00000000000138d3     0x354d ./Core/Src/adc.o
 .debug_macro   0x0000000000016e20      0x174 ./Core/Src/adc.o
 .debug_macro   0x0000000000016f94       0x5c ./Core/Src/adc.o
 .debug_macro   0x0000000000016ff0     0x141d ./Core/Src/adc.o
 .debug_macro   0x000000000001840d      0x535 ./Core/Src/adc.o
 .debug_macro   0x0000000000018942      0x1b6 ./Core/Src/adc.o
 .debug_macro   0x0000000000018af8      0x288 ./Core/Src/adc.o
 .debug_macro   0x0000000000018d80      0x41d ./Core/Src/adc.o
 .debug_macro   0x000000000001919d      0x18b ./Core/Src/adc.o
 .debug_macro   0x0000000000019328       0x43 ./Core/Src/adc.o
 .debug_macro   0x000000000001936b      0x23d ./Core/Src/adc.o
 .debug_macro   0x00000000000195a8     0x1112 ./Core/Src/adc.o
 .debug_macro   0x000000000001a6ba      0x72e ./Core/Src/adc.o
 .debug_macro   0x000000000001ade8      0x391 ./Core/Src/adc.o
 .debug_macro   0x000000000001b179      0x211 ./Core/Src/adc.o
 .debug_macro   0x000000000001b38a      0x6bd ./Core/Src/adc.o
 .debug_macro   0x000000000001ba47      0x401 ./Core/Src/adc.o
 .debug_macro   0x000000000001be48      0x107 ./Core/Src/adc.o
 .debug_macro   0x000000000001bf4f      0x1ae ./Core/Src/adc.o
 .debug_macro   0x000000000001c0fd      0x122 ./Core/Src/adc.o
 .debug_macro   0x000000000001c21f      0x3d1 ./Core/Src/adc.o
 .debug_macro   0x000000000001c5f0      0x2fe ./Core/Src/adc.o
 .debug_macro   0x000000000001c8ee      0xbda ./Core/Src/adc.o
 .debug_macro   0x000000000001d4c8      0x47e ./Core/Src/adc.o
 .debug_macro   0x000000000001d946      0x306 ./Core/Src/adc.o
 .debug_macro   0x000000000001dc4c      0x3bd ./Core/Src/analog_sample.o
 .debug_macro   0x000000000001e009       0x4c ./Core/Src/analog_sample.o
 .debug_macro   0x000000000001e055       0x1e ./Core/Src/analog_sample.o
 .debug_macro   0x000000000001e073       0x94 ./Core/Src/analog_sample.o
 .debug_macro   0x000000000001e107       0x3c ./Core/Src/analog_sample.o
 .debug_macro   0x000000000001e143       0x34 ./Core/Src/analog_sample.o
 .debug_macro   0x000000000001e177       0x16 ./Core/Src/analog_sample.o
 .debug_macro   0x000000000001e18d       0x57 ./Core/Src/analog_sample.o
 .debug_macro   0x000000000001e1e4       0x97 ./Core/Src/analog_sample.o
 .debug_macro   0x000000000001e27b      0x341 ./Core/Src/analog_sample.o
 .debug_macro   0x000000000001e5bc       0xfd ./Core/Src/analog_sample.o
 .debug_macro   0x000000000001e6b9       0x10 ./Core/Src/analog_sample.o
 .debug_macro   0x000000000001e6c9       0x16 ./Core/Src/analog_sample.o
 .debug_macro   0x000000000001e6df       0x43 ./Core/Src/analog_sample.o
 .debug_macro   0x000000000001e722       0x34 ./Core/Src/analog_sample.o
 .debug_macro   0x000000000001e756       0x10 ./Core/Src/analog_sample.o
 .debug_macro   0x000000000001e766       0x58 ./Core/Src/analog_sample.o
 .debug_macro   0x000000000001e7be       0x71 ./Core/Src/analog_sample.o
 .debug_macro   0x000000000001e82f       0x1c ./Core/Src/analog_sample.o
 .debug_macro   0x000000000001e84b      0x12a ./Core/Src/analog_sample.o
 .debug_macro   0x000000000001e975       0x10 ./Core/Src/analog_sample.o
 .debug_macro   0x000000000001e985       0x1c ./Core/Src/analog_sample.o
 .debug_macro   0x000000000001e9a1       0x52 ./Core/Src/analog_sample.o
 .debug_macro   0x000000000001e9f3       0x22 ./Core/Src/analog_sample.o
 .debug_macro   0x000000000001ea15       0x10 ./Core/Src/analog_sample.o
 .debug_macro   0x000000000001ea25       0x52 ./Core/Src/analog_sample.o
 .debug_macro   0x000000000001ea77       0xd5 ./Core/Src/analog_sample.o
 .debug_macro   0x000000000001eb4c       0x1c ./Core/Src/analog_sample.o
 .debug_macro   0x000000000001eb68       0x3d ./Core/Src/analog_sample.o
 .debug_macro   0x000000000001eba5       0x16 ./Core/Src/analog_sample.o
 .debug_macro   0x000000000001ebbb      0x145 ./Core/Src/analog_sample.o
 .debug_macro   0x000000000001ed00       0x56 ./Core/Src/analog_sample.o
 .debug_macro   0x000000000001ed56       0x46 ./Core/Src/analog_sample.o
 .debug_macro   0x000000000001ed9c      0x19b ./Core/Src/analog_sample.o
 .debug_macro   0x000000000001ef37       0x22 ./Core/Src/analog_sample.o
 .debug_macro   0x000000000001ef59      0x225 ./Core/Src/dma.o
 .debug_macro   0x000000000001f17e      0x22e ./Core/Src/fdcan.o
 .debug_macro   0x000000000001f3ac      0x2ec ./Core/Src/foc.o
 .debug_macro   0x000000000001f698      0x225 ./Core/Src/gpio.o
 .debug_macro   0x000000000001f8bd      0x358 ./Core/Src/main.o
 .debug_macro   0x000000000001fc15       0x52 ./Core/Src/main.o
 .debug_macro   0x000000000001fc67       0x28 ./Core/Src/main.o
 .debug_macro   0x000000000001fc8f       0xfb ./Core/Src/maths.o
 .debug_macro   0x000000000001fd8a      0x225 ./Core/Src/opamp.o
 .debug_macro   0x000000000001ffaf      0x225 ./Core/Src/spi.o
 .debug_macro   0x00000000000201d4      0x21b ./Core/Src/stm32g4xx_hal_msp.o
 .debug_macro   0x00000000000203ef      0x342 ./Core/Src/stm32g4xx_it.o
 .debug_macro   0x0000000000020731      0x211 ./Core/Src/system_stm32g4xx.o
 .debug_macro   0x0000000000020942      0x225 ./Core/Src/tim.o
 .debug_macro   0x0000000000020b67      0x25f ./Drivers/STM32G4xx_HAL_Driver/Src/stm32g4xx_hal.o
 .debug_macro   0x0000000000020dc6      0x22e ./Drivers/STM32G4xx_HAL_Driver/Src/stm32g4xx_hal_adc.o
 .debug_macro   0x0000000000020ff4      0x21d ./Drivers/STM32G4xx_HAL_Driver/Src/stm32g4xx_hal_adc_ex.o
 .debug_macro   0x0000000000021211      0x211 ./Drivers/STM32G4xx_HAL_Driver/Src/stm32g4xx_hal_cortex.o
 .debug_macro   0x0000000000021422      0x211 ./Drivers/STM32G4xx_HAL_Driver/Src/stm32g4xx_hal_dma.o
 .debug_macro   0x0000000000021633      0x323 ./Drivers/STM32G4xx_HAL_Driver/Src/stm32g4xx_hal_fdcan.o
 .debug_macro   0x0000000000021956      0x218 ./Drivers/STM32G4xx_HAL_Driver/Src/stm32g4xx_hal_gpio.o
 .debug_macro   0x0000000000021b6e      0x22e ./Drivers/STM32G4xx_HAL_Driver/Src/stm32g4xx_hal_opamp.o
 .debug_macro   0x0000000000021d9c      0x23b ./Drivers/STM32G4xx_HAL_Driver/Src/stm32g4xx_hal_pwr_ex.o
 .debug_macro   0x0000000000021fd7      0x253 ./Drivers/STM32G4xx_HAL_Driver/Src/stm32g4xx_hal_rcc.o
 .debug_macro   0x000000000002222a      0x23b ./Drivers/STM32G4xx_HAL_Driver/Src/stm32g4xx_hal_rcc_ex.o
 .debug_macro   0x0000000000022465      0x219 ./Drivers/STM32G4xx_HAL_Driver/Src/stm32g4xx_hal_spi.o
 .debug_macro   0x000000000002267e      0x219 ./Drivers/STM32G4xx_HAL_Driver/Src/stm32g4xx_hal_tim.o
 .debug_macro   0x0000000000022897      0x217 ./Drivers/STM32G4xx_HAL_Driver/Src/stm32g4xx_hal_tim_ex.o

.debug_line     0x0000000000000000    0x1b3fa
 .debug_line    0x0000000000000000      0x943 ./Core/Src/adc.o
 .debug_line    0x0000000000000943      0x9f0 ./Core/Src/analog_sample.o
 .debug_line    0x0000000000001333      0x768 ./Core/Src/dma.o
 .debug_line    0x0000000000001a9b      0x895 ./Core/Src/fdcan.o
 .debug_line    0x0000000000002330      0x975 ./Core/Src/foc.o
 .debug_line    0x0000000000002ca5      0x787 ./Core/Src/gpio.o
 .debug_line    0x000000000000342c      0x9cf ./Core/Src/main.o
 .debug_line    0x0000000000003dfb      0x611 ./Core/Src/maths.o
 .debug_line    0x000000000000440c      0x89e ./Core/Src/opamp.o
 .debug_line    0x0000000000004caa      0x7e2 ./Core/Src/spi.o
 .debug_line    0x000000000000548c      0x769 ./Core/Src/stm32g4xx_hal_msp.o
 .debug_line    0x0000000000005bf5      0xa54 ./Core/Src/stm32g4xx_it.o
 .debug_line    0x0000000000006649      0x7d3 ./Core/Src/system_stm32g4xx.o
 .debug_line    0x0000000000006e1c      0x90b ./Core/Src/tim.o
 .debug_line    0x0000000000007727       0x89 ./Core/Startup/startup_stm32g431cbux.o
 .debug_line    0x00000000000077b0      0xb92 ./Drivers/STM32G4xx_HAL_Driver/Src/stm32g4xx_hal.o
 .debug_line    0x0000000000008342     0x1f6b ./Drivers/STM32G4xx_HAL_Driver/Src/stm32g4xx_hal_adc.o
 .debug_line    0x000000000000a2ad     0x19c8 ./Drivers/STM32G4xx_HAL_Driver/Src/stm32g4xx_hal_adc_ex.o
 .debug_line    0x000000000000bc75      0xcfd ./Drivers/STM32G4xx_HAL_Driver/Src/stm32g4xx_hal_cortex.o
 .debug_line    0x000000000000c972      0xeb6 ./Drivers/STM32G4xx_HAL_Driver/Src/stm32g4xx_hal_dma.o
 .debug_line    0x000000000000d828     0x18ed ./Drivers/STM32G4xx_HAL_Driver/Src/stm32g4xx_hal_fdcan.o
 .debug_line    0x000000000000f115      0xb8d ./Drivers/STM32G4xx_HAL_Driver/Src/stm32g4xx_hal_gpio.o
 .debug_line    0x000000000000fca2      0xaa4 ./Drivers/STM32G4xx_HAL_Driver/Src/stm32g4xx_hal_opamp.o
 .debug_line    0x0000000000010746      0xd01 ./Drivers/STM32G4xx_HAL_Driver/Src/stm32g4xx_hal_pwr_ex.o
 .debug_line    0x0000000000011447      0xf5d ./Drivers/STM32G4xx_HAL_Driver/Src/stm32g4xx_hal_rcc.o
 .debug_line    0x00000000000123a4     0x1123 ./Drivers/STM32G4xx_HAL_Driver/Src/stm32g4xx_hal_rcc_ex.o
 .debug_line    0x00000000000134c7     0x1fcf ./Drivers/STM32G4xx_HAL_Driver/Src/stm32g4xx_hal_spi.o
 .debug_line    0x0000000000015496     0x3e9b ./Drivers/STM32G4xx_HAL_Driver/Src/stm32g4xx_hal_tim.o
 .debug_line    0x0000000000019331     0x20c9 ./Drivers/STM32G4xx_HAL_Driver/Src/stm32g4xx_hal_tim_ex.o

.debug_str      0x0000000000000000    0xded29
 .debug_str     0x0000000000000000    0xd3006 ./Core/Src/adc.o
                                      0xd365a (size before relaxing)
 .debug_str     0x00000000000d3006     0x49b9 ./Core/Src/analog_sample.o
                                      0xd7bcf (size before relaxing)
 .debug_str     0x00000000000d79bf      0x49b ./Core/Src/dma.o
                                      0xd3187 (size before relaxing)
 .debug_str     0x00000000000d7e5a      0x4e5 ./Core/Src/fdcan.o
                                      0xd3576 (size before relaxing)
 .debug_str     0x00000000000d833f      0x353 ./Core/Src/foc.o
                                      0xd6941 (size before relaxing)
 .debug_str     0x00000000000d8692       0x2c ./Core/Src/gpio.o
                                      0xd2dce (size before relaxing)
 .debug_str     0x00000000000d86be      0x291 ./Core/Src/main.o
                                      0xd71e1 (size before relaxing)
 .debug_str     0x00000000000d894f       0x31 ./Core/Src/maths.o
                                       0x6a8b (size before relaxing)
 .debug_str     0x00000000000d8980      0x1ce ./Core/Src/opamp.o
                                      0xd305b (size before relaxing)
 .debug_str     0x00000000000d8b4e       0x4b ./Core/Src/spi.o
                                      0xd3303 (size before relaxing)
 .debug_str     0x00000000000d8b99       0x2c ./Core/Src/stm32g4xx_hal_msp.o
                                      0xd2d03 (size before relaxing)
 .debug_str     0x00000000000d8bc5      0x184 ./Core/Src/stm32g4xx_it.o
                                      0xd7054 (size before relaxing)
 .debug_str     0x00000000000d8d49       0xdb ./Core/Src/system_stm32g4xx.o
                                      0xd2db3 (size before relaxing)
 .debug_str     0x00000000000d8e24      0x2f7 ./Core/Src/tim.o
                                      0xd3b90 (size before relaxing)
 .debug_str     0x00000000000d911b       0x36 ./Core/Startup/startup_stm32g431cbux.o
                                         0x65 (size before relaxing)
 .debug_str     0x00000000000d9151      0x5d3 ./Drivers/STM32G4xx_HAL_Driver/Src/stm32g4xx_hal.o
                                      0xd38f2 (size before relaxing)
 .debug_str     0x00000000000d9724      0xada ./Drivers/STM32G4xx_HAL_Driver/Src/stm32g4xx_hal_adc.o
                                      0xd3de0 (size before relaxing)
 .debug_str     0x00000000000da1fe      0x691 ./Drivers/STM32G4xx_HAL_Driver/Src/stm32g4xx_hal_adc_ex.o
                                      0xd3d86 (size before relaxing)
 .debug_str     0x00000000000da88f      0x31d ./Drivers/STM32G4xx_HAL_Driver/Src/stm32g4xx_hal_cortex.o
                                      0xd3576 (size before relaxing)
 .debug_str     0x00000000000dabac      0x27a ./Drivers/STM32G4xx_HAL_Driver/Src/stm32g4xx_hal_dma.o
                                      0xd318d (size before relaxing)
 .debug_str     0x00000000000dae26     0x11a8 ./Drivers/STM32G4xx_HAL_Driver/Src/stm32g4xx_hal_fdcan.o
                                      0xd4362 (size before relaxing)
 .debug_str     0x00000000000dbfce      0x123 ./Drivers/STM32G4xx_HAL_Driver/Src/stm32g4xx_hal_gpio.o
                                      0xd2f3e (size before relaxing)
 .debug_str     0x00000000000dc0f1      0x31b ./Drivers/STM32G4xx_HAL_Driver/Src/stm32g4xx_hal_opamp.o
                                      0xd3281 (size before relaxing)
 .debug_str     0x00000000000dc40c      0x4b6 ./Drivers/STM32G4xx_HAL_Driver/Src/stm32g4xx_hal_pwr_ex.o
                                      0xd32a1 (size before relaxing)
 .debug_str     0x00000000000dc8c2      0x4e0 ./Drivers/STM32G4xx_HAL_Driver/Src/stm32g4xx_hal_rcc.o
                                      0xd34ac (size before relaxing)
 .debug_str     0x00000000000dcda2      0x40b ./Drivers/STM32G4xx_HAL_Driver/Src/stm32g4xx_hal_rcc_ex.o
                                      0xd34ad (size before relaxing)
 .debug_str     0x00000000000dd1ad      0x551 ./Drivers/STM32G4xx_HAL_Driver/Src/stm32g4xx_hal_spi.o
                                      0xd36eb (size before relaxing)
 .debug_str     0x00000000000dd6fe      0xe3c ./Drivers/STM32G4xx_HAL_Driver/Src/stm32g4xx_hal_tim.o
                                      0xd42b1 (size before relaxing)
 .debug_str     0x00000000000de53a      0x7ef ./Drivers/STM32G4xx_HAL_Driver/Src/stm32g4xx_hal_tim_ex.o
                                      0xd3f25 (size before relaxing)

.comment        0x0000000000000000       0x50
 .comment       0x0000000000000000       0x50 ./Core/Src/adc.o
                                         0x51 (size before relaxing)
 .comment       0x0000000000000050       0x51 ./Core/Src/analog_sample.o
 .comment       0x0000000000000050       0x51 ./Core/Src/dma.o
 .comment       0x0000000000000050       0x51 ./Core/Src/fdcan.o
 .comment       0x0000000000000050       0x51 ./Core/Src/foc.o
 .comment       0x0000000000000050       0x51 ./Core/Src/gpio.o
 .comment       0x0000000000000050       0x51 ./Core/Src/main.o
 .comment       0x0000000000000050       0x51 ./Core/Src/maths.o
 .comment       0x0000000000000050       0x51 ./Core/Src/opamp.o
 .comment       0x0000000000000050       0x51 ./Core/Src/spi.o
 .comment       0x0000000000000050       0x51 ./Core/Src/stm32g4xx_hal_msp.o
 .comment       0x0000000000000050       0x51 ./Core/Src/stm32g4xx_it.o
 .comment       0x0000000000000050       0x51 ./Core/Src/system_stm32g4xx.o
 .comment       0x0000000000000050       0x51 ./Core/Src/tim.o
 .comment       0x0000000000000050       0x51 ./Drivers/STM32G4xx_HAL_Driver/Src/stm32g4xx_hal.o
 .comment       0x0000000000000050       0x51 ./Drivers/STM32G4xx_HAL_Driver/Src/stm32g4xx_hal_adc.o
 .comment       0x0000000000000050       0x51 ./Drivers/STM32G4xx_HAL_Driver/Src/stm32g4xx_hal_adc_ex.o
 .comment       0x0000000000000050       0x51 ./Drivers/STM32G4xx_HAL_Driver/Src/stm32g4xx_hal_cortex.o
 .comment       0x0000000000000050       0x51 ./Drivers/STM32G4xx_HAL_Driver/Src/stm32g4xx_hal_dma.o
 .comment       0x0000000000000050       0x51 ./Drivers/STM32G4xx_HAL_Driver/Src/stm32g4xx_hal_fdcan.o
 .comment       0x0000000000000050       0x51 ./Drivers/STM32G4xx_HAL_Driver/Src/stm32g4xx_hal_gpio.o
 .comment       0x0000000000000050       0x51 ./Drivers/STM32G4xx_HAL_Driver/Src/stm32g4xx_hal_opamp.o
 .comment       0x0000000000000050       0x51 ./Drivers/STM32G4xx_HAL_Driver/Src/stm32g4xx_hal_pwr_ex.o
 .comment       0x0000000000000050       0x51 ./Drivers/STM32G4xx_HAL_Driver/Src/stm32g4xx_hal_rcc.o
 .comment       0x0000000000000050       0x51 ./Drivers/STM32G4xx_HAL_Driver/Src/stm32g4xx_hal_rcc_ex.o
 .comment       0x0000000000000050       0x51 ./Drivers/STM32G4xx_HAL_Driver/Src/stm32g4xx_hal_spi.o
 .comment       0x0000000000000050       0x51 ./Drivers/STM32G4xx_HAL_Driver/Src/stm32g4xx_hal_tim.o
 .comment       0x0000000000000050       0x51 ./Drivers/STM32G4xx_HAL_Driver/Src/stm32g4xx_hal_tim_ex.o

.debug_frame    0x0000000000000000     0x6454
 .debug_frame   0x0000000000000000       0xa0 ./Core/Src/adc.o
 .debug_frame   0x00000000000000a0       0x50 ./Core/Src/analog_sample.o
 .debug_frame   0x00000000000000f0       0x34 ./Core/Src/dma.o
 .debug_frame   0x0000000000000124       0xe8 ./Core/Src/fdcan.o
 .debug_frame   0x000000000000020c       0x98 ./Core/Src/foc.o
 .debug_frame   0x00000000000002a4       0x34 ./Core/Src/gpio.o
 .debug_frame   0x00000000000002d8       0x68 ./Core/Src/main.o
 .debug_frame   0x0000000000000340       0xf8 ./Core/Src/maths.o
 .debug_frame   0x0000000000000438       0xac ./Core/Src/opamp.o
 .debug_frame   0x00000000000004e4       0x74 ./Core/Src/spi.o
 .debug_frame   0x0000000000000558       0x38 ./Core/Src/stm32g4xx_hal_msp.o
 .debug_frame   0x0000000000000590      0x184 ./Core/Src/stm32g4xx_it.o
 .debug_frame   0x0000000000000714       0x58 ./Core/Src/system_stm32g4xx.o
 .debug_frame   0x000000000000076c       0xc4 ./Core/Src/tim.o
 .debug_frame   0x0000000000000830      0x500 ./Drivers/STM32G4xx_HAL_Driver/Src/stm32g4xx_hal.o
 .debug_frame   0x0000000000000d30      0xacc ./Drivers/STM32G4xx_HAL_Driver/Src/stm32g4xx_hal_adc.o
 .debug_frame   0x00000000000017fc      0x81c ./Drivers/STM32G4xx_HAL_Driver/Src/stm32g4xx_hal_adc_ex.o
 .debug_frame   0x0000000000002018      0x498 ./Drivers/STM32G4xx_HAL_Driver/Src/stm32g4xx_hal_cortex.o
 .debug_frame   0x00000000000024b0      0x24c ./Drivers/STM32G4xx_HAL_Driver/Src/stm32g4xx_hal_dma.o
 .debug_frame   0x00000000000026fc      0x9b0 ./Drivers/STM32G4xx_HAL_Driver/Src/stm32g4xx_hal_fdcan.o
 .debug_frame   0x00000000000030ac      0x14c ./Drivers/STM32G4xx_HAL_Driver/Src/stm32g4xx_hal_gpio.o
 .debug_frame   0x00000000000031f8      0x1c0 ./Drivers/STM32G4xx_HAL_Driver/Src/stm32g4xx_hal_opamp.o
 .debug_frame   0x00000000000033b8      0x4fc ./Drivers/STM32G4xx_HAL_Driver/Src/stm32g4xx_hal_pwr_ex.o
 .debug_frame   0x00000000000038b4      0x23c ./Drivers/STM32G4xx_HAL_Driver/Src/stm32g4xx_hal_rcc.o
 .debug_frame   0x0000000000003af0      0x2ac ./Drivers/STM32G4xx_HAL_Driver/Src/stm32g4xx_hal_rcc_ex.o
 .debug_frame   0x0000000000003d9c      0x860 ./Drivers/STM32G4xx_HAL_Driver/Src/stm32g4xx_hal_spi.o
 .debug_frame   0x00000000000045fc     0x121c ./Drivers/STM32G4xx_HAL_Driver/Src/stm32g4xx_hal_tim.o
 .debug_frame   0x0000000000005818      0xa68 ./Drivers/STM32G4xx_HAL_Driver/Src/stm32g4xx_hal_tim_ex.o
 .debug_frame   0x0000000000006280       0x20 c:/st/stm32cubeide_1.10.1/stm32cubeide/plugins/com.st.stm32cube.ide.mcu.externaltools.gnu-tools-for-stm32.10.3-2021.10.win32_1.0.0.202111181127/tools/bin/../lib/gcc/arm-none-eabi/10.3.1/../../../../arm-none-eabi/lib/thumb/v7e-m+fp/hard\libc_nano.a(lib_a-errno.o)
 .debug_frame   0x00000000000062a0       0x2c c:/st/stm32cubeide_1.10.1/stm32cubeide/plugins/com.st.stm32cube.ide.mcu.externaltools.gnu-tools-for-stm32.10.3-2021.10.win32_1.0.0.202111181127/tools/bin/../lib/gcc/arm-none-eabi/10.3.1/../../../../arm-none-eabi/lib/thumb/v7e-m+fp/hard\libc_nano.a(lib_a-init.o)
 .debug_frame   0x00000000000062cc       0x20 c:/st/stm32cubeide_1.10.1/stm32cubeide/plugins/com.st.stm32cube.ide.mcu.externaltools.gnu-tools-for-stm32.10.3-2021.10.win32_1.0.0.202111181127/tools/bin/../lib/gcc/arm-none-eabi/10.3.1/../../../../arm-none-eabi/lib/thumb/v7e-m+fp/hard\libc_nano.a(lib_a-memset.o)
 .debug_frame   0x00000000000062ec       0x38 c:/st/stm32cubeide_1.10.1/stm32cubeide/plugins/com.st.stm32cube.ide.mcu.externaltools.gnu-tools-for-stm32.10.3-2021.10.win32_1.0.0.202111181127/tools/bin/../lib/gcc/arm-none-eabi/10.3.1/../../../../arm-none-eabi/lib/thumb/v7e-m+fp/hard\libm.a(lib_a-wf_fmod.o)
 .debug_frame   0x0000000000006324       0x30 c:/st/stm32cubeide_1.10.1/stm32cubeide/plugins/com.st.stm32cube.ide.mcu.externaltools.gnu-tools-for-stm32.10.3-2021.10.win32_1.0.0.202111181127/tools/bin/../lib/gcc/arm-none-eabi/10.3.1/../../../../arm-none-eabi/lib/thumb/v7e-m+fp/hard\libm.a(lib_a-ef_fmod.o)
 .debug_frame   0x0000000000006354       0x30 c:/st/stm32cubeide_1.10.1/stm32cubeide/plugins/com.st.stm32cube.ide.mcu.externaltools.gnu-tools-for-stm32.10.3-2021.10.win32_1.0.0.202111181127/tools/bin/../lib/gcc/arm-none-eabi/10.3.1/thumb/v7e-m+fp/hard\libgcc.a(_arm_muldf3.o)
 .debug_frame   0x0000000000006384       0xac c:/st/stm32cubeide_1.10.1/stm32cubeide/plugins/com.st.stm32cube.ide.mcu.externaltools.gnu-tools-for-stm32.10.3-2021.10.win32_1.0.0.202111181127/tools/bin/../lib/gcc/arm-none-eabi/10.3.1/thumb/v7e-m+fp/hard\libgcc.a(_arm_addsubdf3.o)
 .debug_frame   0x0000000000006430       0x24 c:/st/stm32cubeide_1.10.1/stm32cubeide/plugins/com.st.stm32cube.ide.mcu.externaltools.gnu-tools-for-stm32.10.3-2021.10.win32_1.0.0.202111181127/tools/bin/../lib/gcc/arm-none-eabi/10.3.1/thumb/v7e-m+fp/hard\libgcc.a(_arm_truncdfsf2.o)