../Core/Src/stm32g4xx_it.c:81:6:NMI_Handler	4	static
../Core/Src/stm32g4xx_it.c:96:6:HardFault_Handler	4	static
../Core/Src/stm32g4xx_it.c:111:6:MemManage_Handler	4	static
../Core/Src/stm32g4xx_it.c:126:6:BusFault_Handler	4	static
../Core/Src/stm32g4xx_it.c:141:6:UsageFault_Handler	4	static
../Core/Src/stm32g4xx_it.c:156:6:SVC_Handler	4	static
../Core/Src/stm32g4xx_it.c:169:6:DebugMon_Handler	4	static
../Core/Src/stm32g4xx_it.c:182:6:PendSV_Handler	4	static
../Core/Src/stm32g4xx_it.c:195:6:SysTick_Handler	8	static
../Core/Src/stm32g4xx_it.c:216:6:DMA1_Channel1_IRQHandler	8	static
../Core/Src/stm32g4xx_it.c:230:6:DMA1_Channel2_IRQHandler	8	static
../Core/Src/stm32g4xx_it.c:244:6:TIM1_UP_TIM16_IRQHandler	16	static
../Core/Src/stm32g4xx_it.c:270:6:can_tx_rx	16	static
